anaconda 43.44 exception report
Traceback (most recent call first):
  File "/usr/lib/python3.14/site-packages/dasbus/client/handler.py", line 509, in _handle_method_error
    raise exception from None
  File "/usr/lib/python3.14/site-packages/dasbus/client/handler.py", line 483, in _get_method_reply
    return self._handle_method_error(error)
  File "/usr/lib/python3.14/site-packages/dasbus/client/handler.py", line 450, in _call_method
    return self._get_method_reply(
  File "/usr/lib64/python3.14/site-packages/pyanaconda/ui/tui/spokes/installation_progress.py", line 134, in _on_installation_done
    self._task_proxy.Finish()
  File "/usr/lib/python3.14/site-packages/dasbus/signal.py", line 53, in emit
    callback(*args, **kwargs)
  File "/usr/lib/python3.14/site-packages/dasbus/client/handler.py", line 365, in _signal_callback
    callback(*unwrap_variant(parameters))
  File "/usr/lib/python3.14/site-packages/dasbus/client/handler.py", line 133, in _signal_callback
    callback(parameters, *callback_args)
pyanaconda.modules.common.errors.installation.PayloadInstallationError: Failed to download the following packages: Failed to download packages

Local variables in innermost frame:
self: <dasbus.client.handler.ClientObjectHandler object at 0x7face3f54b20>
error: g-io-error-quark: GDBus.Error:org.fedoraproject.Anaconda.PayloadInstallationError: Failed to download the following packages: Failed to download packages (36)
name: org.fedoraproject.Anaconda.PayloadInstallationError
cls: <class 'pyanaconda.modules.common.errors.installation.PayloadInstallationError'>
message: Failed to download the following packages: Failed to download packages
exception: Failed to download the following packages: Failed to download packages


Anaconda instance, containing members:
_display_mode: DisplayModes instance, containing members:
  _display_mode._value_: TUI
  _display_mode._name_: TUI
  _display_mode.__objclass__: <enum 'DisplayModes'>
  _display_mode._sort_order_: 1
_interactive_mode: False
gui_startup_failed: False
_intf: TextUserInterface instance, containing members:
  _intf.storage: None
  _intf.payload: DNFPayload instance, containing members:
    _intf.payload._service_proxy: <dasbus.client.proxy.ObjectProxy object at 0x7faceda23fc0>
    _intf.payload._payload_proxy: <dasbus.client.proxy.ObjectProxy object at 0x7faced73bd40>
    _intf.payload._software_validation_required: False
  _intf._meh_interface: TextIntf instance, containing members:
    _intf._meh_interface.screen: None
    _intf._meh_interface._io: IOHandler instance, containing members:
      _intf._meh_interface._io.in_func: <bound method TextUserInterface._get_meh_input_func of <pyanaconda.ui.tui.TextUserInterface object at 0x7faced7156a0>>
      _intf._meh_interface._io.out_func: <built-in function print>
  _intf.productTitle: Anaconda
  _intf.isFinal: True
  _intf.quitMessage: Do you really want to quit?
ksdata: # Generated by pykickstart v3.66
#version=DEVEL

%post
# Enable livesys services
systemctl enable livesys.service
systemctl enable livesys-late.service

# enable tmpfs for /tmp
systemctl enable tmp.mount

# make it so that we don't do writing to the overlay for things which
# are just tmpdirs/caches
# note https://bugzilla.redhat.com/show_bug.cgi?id=1135475
cat >> /etc/fstab << EOF
vartmp   /var/tmp    tmpfs   defaults   0  0
EOF

# work around for poor key import UI in PackageKit
rm -f /var/lib/rpm/__db*
echo "Packages within this LiveCD"
rpm -qa --qf '%{size}\t%{name}-%{version}-%{release}.%{arch}\n' |sort -rn
# Note that running rpm recreates the rpm db files which aren't needed or wanted
rm -f /var/lib/rpm/__db*

# go ahead and pre-make the man -k cache (#455968)
/usr/bin/mandb

# make sure there aren't core files lying around
rm -f /core*

# remove random seed, the newly installed instance should make it's own
rm -f /var/lib/systemd/random-seed

# convince readahead not to collect
# FIXME: for systemd

echo 'File created by kickstart. See systemd-update-done.service(8).' \
    | tee /etc/.updated >/var/.updated

# Drop the rescue kernel and initramfs, we don't need them on the live media itself.
# See bug 1317709
rm -f /boot/*-rescue*

# Disable network service here, as doing it in the services line
# fails due to RHBZ #1369794
systemctl disable network

# Remove machine-id on pre generated images
rm -f /etc/machine-id
touch /etc/machine-id

%end

%post

# set livesys session type
sed -i 's/^livesys_session=.*/livesys_session="gnome"/' /etc/sysconfig/livesys

%end

%post --nochroot
mkdir -p $INSTALL_ROOT/usr/share/backgrounds/bonsai/
mkdir -p $INSTALL_ROOT/usr/share/pixmaps/
cp /home/nothing7209/bonsai-build/images/default-wallpaper.jpg $INSTALL_ROOT/usr/share/backgrounds/bonsai/
cp /home/nothing7209/bonsai-build/images/bonsai-logo.png $INSTALL_ROOT/usr/share/pixmaps/
%end

%post
# 1. System-Identität überschreiben
cat <<EOF > /etc/os-release
NAME="Bonsai Linux"
VERSION="1.0"
ID=bonsai
ID_LIKE=fedora
VERSION_ID="1.0"
PRETTY_NAME="Bonsai Linux 1.0"
ANSI_COLOR="0;32"
LOGO="bonsai-logo"
EOF

# 2. GNOME Branding (Wallpaper & Dark Mode)
cat <<EOF > /usr/share/glib-2.0/schemas/99-bonsai-custom.gschema.override
[org.gnome.desktop.interface]
color-scheme='prefer-dark'

[org.gnome.desktop.background]
picture-uri='file:///usr/share/backgrounds/bonsai/default-wallpaper.jpg'
picture-uri-dark='file:///usr/share/backgrounds/bonsai/default-wallpaper.jpg'

[org.gnome.desktop.screensaver]
picture-uri='file:///usr/share/backgrounds/bonsai/default-wallpaper.jpg'
EOF

glib-compile-schemas /usr/share/glib-2.0/schemas/

# 3. Das "visuelle" Branding: Fedora-Icons durch Bonsai ersetzen
# Wir überschreiben einfach die Dateien der fedora-logos
if [ -f /usr/share/pixmaps/bonsai-logo.png ]; then
    cp /usr/share/pixmaps/bonsai-logo.png /usr/share/pixmaps/fedora-logo-icon.png
    # Optional: Verhindert, dass das Fedora-Logo im Boot-Menü erscheint
    rm -f /usr/share/pixmaps/fedora-logo.png
fi
%end

# Keyboard layouts
keyboard --vckeymap=us
# System language
lang en_US.UTF-8

# Firewall configuration
firewall --enabled --service=mdns
# Network information
network  --bootproto=dhcp --device=link --activate

repo --name="fedora" --mirrorlist=https://mirrors.fedoraproject.org/mirrorlist?repo=fedora-$releasever&arch=$basearch
repo --name="updates" --mirrorlist=https://mirrors.fedoraproject.org/mirrorlist?repo=updates-released-f$releasever&arch=$basearch
# Use network installation
url --mirrorlist="https://mirrors.fedoraproject.org/mirrorlist?repo=fedora-$releasever&arch=$basearch"

%packages
@^workstation-product-environment
@anaconda-tools
aajohan-comfortaa-fonts
anaconda-install-env-deps
anaconda-live
anaconda-webui
dracut-live
fedora-logos
glibc-all-langpacks
gnome-initial-setup
kernel
kernel-modules
kernel-modules-extra
livesys-scripts
-@dial-up
-@input-methods
-@standard
-device-mapper-multipath
-fcoe-utils
-fedora-release-identity-workstation
-fedora-release-workstation
-gfs2-utils
-python3-botocore
-reiserfs-utils
-sdubby

%end

# Shutdown after installation
shutdown

# System authorization information
authselect --enableshadow --passalgo=sha512
# SELinux configuration
selinux --enforcing

# System services
services --disabled="sshd" --enabled="NetworkManager,ModemManager"
# X Window System configuration information
xconfig  --startxonboot

# Generated using Blivet version 3.12.1
# System bootloader configuration
bootloader --location=none
# Clear the Master Boot Record
zerombr
# Partition clearing information
clearpart --all

# System timezone
timezone US/Eastern

# Root password
rootpw --iscrypted --lock locked
opts: Namespace instance, containing members:
  opts.display_mode: Already dumped (DisplayModes instance)
  opts.cmdline: None
  opts.noninteractive: True
  opts.profile_id: 
  opts.proxy: None
  opts.waitfornet: None
  opts.debug: False
  opts.ksfile: /home/nothing7209/bonsai-build/bonsai.ks
  opts.ksstrict: False
  opts.rescue: False
  opts.armPlatform: None
  opts.multiLib: False
  opts.method: None
  opts.stage2: None
  opts.addRepo: []
  opts.noverifyssl: False
  opts.liveinst: False
  opts.runres: None
  opts.xtimeout: 60
  opts.rdp_enabled: False
  opts.rdp_username: 
  opts.rdp_password: 
  opts.keymap: None
  opts.lang: None
  opts.syslog: None
  opts.remotelog: 127.0.0.1:41233
  opts.virtiolog: /dev/virtio-ports/org.fedoraproject.anaconda.log.0
  opts.selinux: -1
  opts.mpath: False
  opts.ibft: True
  opts.nonibftiscsiboot: False
  opts.geoloc: None
  opts.geoloc_use_with_ks: False
  opts.nosave: None
  opts.rescue_nomount: False
  opts.updates_url: None
  opts.images: []
  opts.dirinstall: /mnt/sysimage
  opts.memcheck: True
  opts.leavebootorder: False
  opts.eject: True
  opts.extlinux: False
  opts.sdboot: False
  opts.nombr: False
  opts.multipath_friendly_names: True
  opts.kexec: False
_payload: Already dumped (DNFPayload instance)
mehConfig: Config instance, containing members:
  mehConfig.attrSkipList: [_intf._actions, _intf._currentAction._xklwrapper, _intf._currentAction._spokes["KeyboardSpoke"]._xkl_wrapper, _intf._currentAction._storage_playground, _intf._currentAction._spokes["CustomPartitioningSpoke"]._storage_playground, _intf._currentAction.language.translations, _intf._currentAction.language.locales, _intf._currentAction._spokes["PasswordSpoke"]._oldweak, _intf._currentAction._spokes["PasswordSpoke"]._password, _intf._currentAction._spokes["UserSpoke"]._password, _intf._currentAction._spokes["UserSpoke"]._oldweak, _intf.storage.bootloader.password, _intf.storage.data, _intf.storage.ksdata, _intf.data, _bootloader.encrypted_password, _bootloader.password, payload._groups]
  mehConfig.fileList: [/tmp/anaconda.log, /tmp/packaging.log, /tmp/program.log, /tmp/storage.log, /proc/cmdline, /tmp/dbus.log, /home/nothing7209/bonsai-build/bonsai.ks]
  mehConfig.localSkipList: [passphrase, password, _oldweak, _password, try_passphrase]
  mehConfig.callbackDict: {'lsblk_output': (<function lsblk_callback at 0x7facecd9fab0>, False), 'nmcli_dev_list': (<function nmcli_dev_list_callback at 0x7facecd9fb60>, True), 'type': (<function initExceptionHandling.<locals>.<lambda> at 0x7faced74d4e0>, True), 'addons': (<function list_addons_callback at 0x7facecd9fcc0>, False), 'journalctl': (<function journalctl_callback at 0x7facecd9fc10>, False), 'release_type': (<function initExceptionHandling.<locals>.<lambda> at 0x7faced74d6f0>, True)}
  mehConfig.programName: anaconda
  mehConfig.programVersion: 43.44
  mehConfig.programArch: x86_64
dbus_session_connection: None
dbus_inhibit_id: None
gui_initialized: <locked _thread.lock object at 0x7facedcbe190>
_dbus_launcher: AnacondaDBusLauncher instance, containing members:
  _dbus_launcher._dbus_daemon_process: <Popen: returncode: None args: ['dbus-daemon', '--print-address', '--syslog'...>
  _dbus_launcher._log_file: <_io.TextIOWrapper name='/tmp/dbus.log' mode='a' encoding='UTF-8'>
  _dbus_launcher._bus_address: unix:path=/tmp/dbus-TQET0GI8Q1,guid=cd7ac3b59aeebe3c9e5b2fd669e481ce

Registered callbacks:
lsblk_output:
NAME                SIZE OWNER GROUP MODE       FSTYPE  LABEL              UUID                                 PARTUUID                                  FSAVAIL FSUSE% MOUNTPOINT
loop0         8994684928 root  disk  brw-rw---- ext4    Anaconda           2cdf9a2f-96ca-4c0a-9571-51e1b9a2fdf8                                        8727363584     0% /mnt/sysroot
sda          61865984000 root  disk  brw-rw---- iso9660 Fedora-KDE-Live-43 2025-10-23-04-17-29-00                                                                        
|-sda1        3234320384 root  disk  brw-rw---- iso9660 Fedora-KDE-Live-43 2025-10-23-04-17-29-00               09d661a4-d7d4-4d99-8ec6-b91e3365d7f0                     
`-sda2          31457280 root  disk  brw-rw---- vfat    BOOT               BA0E-CF8F                            09d661a4-d7d4-4d99-8ec5-b91e3365d7f0                     
zram0         6009389056 root  disk  brw-rw---- swap    zram0              cd30a546-32ff-4902-9242-a01b71532ef9                                                          [SWAP]
nvme0n1     512110190592 root  disk  brw-rw----                                                                                                                          
|-nvme0n1p1    629145600 root  disk  brw-rw---- vfat                       EF0E-2825                            ab2d1faa-9ae3-478f-b046-76abaf958af9    607662080     3% /boot/efi
|-nvme0n1p2   2147483648 root  disk  brw-rw---- ext4                       9da37a0f-9fea-42b4-a640-d64b8ea0c6b5 30755499-9969-4cdb-ad16-6dc0dd53b5df   1421115392    24% /boot
`-nvme0n1p3 509332160512 root  disk  brw-rw---- btrfs   fedora             49bc71f0-007a-40f9-a9c2-94a5c2f09479 f380b4da-1760-4ee0-a3f1-09b32e1ff789 501380894720     1% /home

addons:
com_redhat_kdump
journalctl:
Apr 18 18:59:07 fedora kernel: Linux version 6.19.12-200.fc43.x86_64 (mockbuild@3a44b43f119e4c819ebc299c3440e745) (gcc (GCC) 15.2.1 20260123 (Red Hat 15.2.1-7), GNU ld version 2.45.1-4.fc43) #1 SMP PREEMPT_DYNAMIC Sun Apr 12 15:26:33 UTC 2026
Apr 18 18:59:07 fedora kernel: Command line: BOOT_IMAGE=(hd1,gpt2)/vmlinuz-6.19.12-200.fc43.x86_64 root=UUID=49bc71f0-007a-40f9-a9c2-94a5c2f09479 ro rootflags=subvol=root rhgb quiet
Apr 18 18:59:07 fedora kernel: BIOS-provided physical RAM map:
Apr 18 18:59:07 fedora kernel: BIOS-e820: [mem 0x0000000000000000-0x000000000009ffff] usable
Apr 18 18:59:07 fedora kernel: BIOS-e820: [mem 0x0000000000100000-0x0000000009bfffff] usable
Apr 18 18:59:07 fedora kernel: BIOS-e820: [mem 0x0000000009c00000-0x0000000009dc0fff] reserved
Apr 18 18:59:07 fedora kernel: BIOS-e820: [mem 0x0000000009dc1000-0x0000000009efffff] usable
Apr 18 18:59:07 fedora kernel: BIOS-e820: [mem 0x0000000009f00000-0x0000000009f1dfff] ACPI NVS
Apr 18 18:59:07 fedora kernel: BIOS-e820: [mem 0x0000000009f1e000-0x00000000b587dfff] usable
Apr 18 18:59:07 fedora kernel: BIOS-e820: [mem 0x00000000b587e000-0x00000000b9a7dfff] reserved
Apr 18 18:59:07 fedora kernel: BIOS-e820: [mem 0x00000000b9a7e000-0x00000000bbb7dfff] ACPI NVS
Apr 18 18:59:07 fedora kernel: BIOS-e820: [mem 0x00000000bbb7e000-0x00000000bbbfdfff] ACPI data
Apr 18 18:59:07 fedora kernel: BIOS-e820: [mem 0x00000000bbbfe000-0x00000000bcff6fff] usable
Apr 18 18:59:07 fedora kernel: BIOS-e820: [mem 0x00000000bcff7000-0x00000000bcff7fff] reserved
Apr 18 18:59:07 fedora kernel: BIOS-e820: [mem 0x00000000bcff8000-0x00000000bcffffff] usable
Apr 18 18:59:07 fedora kernel: BIOS-e820: [mem 0x00000000bd000000-0x00000000bdffffff] reserved
Apr 18 18:59:07 fedora kernel: BIOS-e820: [mem 0x00000000be600000-0x00000000bfffffff] reserved
Apr 18 18:59:07 fedora kernel: BIOS-e820: [mem 0x00000000e0000000-0x00000000efffffff] reserved
Apr 18 18:59:07 fedora kernel: BIOS-e820: [mem 0x00000000fde00000-0x00000000fdefffff] reserved
Apr 18 18:59:07 fedora kernel: BIOS-e820: [mem 0x00000000fed80000-0x00000000fed80fff] reserved
Apr 18 18:59:07 fedora kernel: BIOS-e820: [mem 0x0000000100000000-0x00000001be33ffff] usable
Apr 18 18:59:07 fedora kernel: BIOS-e820: [mem 0x00000001be340000-0x00000002601fffff] reserved
Apr 18 18:59:07 fedora kernel: NX (Execute Disable) protection: active
Apr 18 18:59:07 fedora kernel: APIC: Static calls initialized
Apr 18 18:59:07 fedora kernel: efi: EFI v2.7 by Phoenix Technologies Ltd.
Apr 18 18:59:07 fedora kernel: efi: ACPI=0xbbbfd000 ACPI 2.0=0xbbbfd014 SMBIOS=0xb794d000 SMBIOS 3.0=0xb7940000 TPMFinalLog=0xbbb5b000 MEMATTR=0xb1af3018 ESRT=0xb1b41000 MOKvar=0xb664a000 RNG=0xbbbfc018 TPMEventLog=0xbbbec018
Apr 18 18:59:07 fedora kernel: random: crng init done
Apr 18 18:59:07 fedora kernel: efi: Remove mem79: MMIO range=[0xfde00000-0xfdefffff] (1MB) from e820 map
Apr 18 18:59:07 fedora kernel: e820: remove [mem 0xfde00000-0xfdefffff] reserved
Apr 18 18:59:07 fedora kernel: efi: Not removing mem80: MMIO range=[0xfed80000-0xfed80fff] (4KB) from e820 map
Apr 18 18:59:07 fedora kernel: efi: Remove mem82: MMIO range=[0x240000000-0x2601fffff] (514MB) from e820 map
Apr 18 18:59:07 fedora kernel: e820: remove [mem 0x240000000-0x2601fffff] reserved
Apr 18 18:59:07 fedora kernel: secureboot: Secure boot enabled
Apr 18 18:59:07 fedora kernel: Kernel is locked down from EFI Secure Boot mode; see man kernel_lockdown.7
Apr 18 18:59:07 fedora kernel: SMBIOS 3.3.0 present.
Apr 18 18:59:07 fedora kernel: DMI: LENOVO 82XQ/LNVNB161216, BIOS L1CN40WW 05/07/2024
Apr 18 18:59:07 fedora kernel: DMI: Memory slots populated: 2/2
Apr 18 18:59:07 fedora kernel: tsc: Fast TSC calibration using PIT
Apr 18 18:59:07 fedora kernel: tsc: Detected 2794.700 MHz processor
Apr 18 18:59:07 fedora kernel: e820: update [mem 0x00000000-0x00000fff] usable ==> reserved
Apr 18 18:59:07 fedora kernel: e820: remove [mem 0x000a0000-0x000fffff] usable
Apr 18 18:59:07 fedora kernel: last_pfn = 0x1be340 max_arch_pfn = 0x400000000
Apr 18 18:59:07 fedora kernel: MTRR map: 6 entries (3 fixed + 3 variable; max 20), built from 9 variable MTRRs
Apr 18 18:59:07 fedora kernel: x86/PAT: Configuration [0-7]: WB  WC  UC- UC  WB  WP  UC- WT
Apr 18 18:59:07 fedora kernel: last_pfn = 0xbd000 max_arch_pfn = 0x400000000
Apr 18 18:59:07 fedora kernel: esrt: Reserving ESRT space from 0x00000000b1b41000 to 0x00000000b1b41088.
Apr 18 18:59:07 fedora kernel: e820: update [mem 0xb1b41000-0xb1b41fff] usable ==> reserved
Apr 18 18:59:07 fedora kernel: Using GB pages for direct mapping
Apr 18 18:59:07 fedora kernel: secureboot: Secure boot enabled
Apr 18 18:59:07 fedora kernel: RAMDISK: [mem 0x65088000-0x69452fff]
Apr 18 18:59:07 fedora kernel: ACPI: Early table checksum verification disabled
Apr 18 18:59:07 fedora kernel: ACPI: RSDP 0x00000000BBBFD014 000024 (v02 LENOVO)
Apr 18 18:59:07 fedora kernel: ACPI: XSDT 0x00000000BBBFB188 00012C (v01 LENOVO CB-01    00000003 PTEC 00000002)
Apr 18 18:59:07 fedora kernel: ACPI: FACP 0x00000000B66B3000 000114 (v06 LENOVO CB-01    00000003 PTEC 00000002)
Apr 18 18:59:07 fedora kernel: ACPI: DSDT 0x00000000B66A1000 00D322 (v01 LENOVO AMD      00001000 INTL 20180313)
Apr 18 18:59:07 fedora kernel: ACPI: FACS 0x00000000BBB58000 000040
Apr 18 18:59:07 fedora kernel: ACPI: SSDT 0x00000000B7A33000 00090D (v01 LENOVO UsbCTabl 00000001 INTL 20180313)
Apr 18 18:59:07 fedora kernel: ACPI: IVRS 0x00000000B795A000 000198 (v02 LENOVO CB-01    00000001 PTEC 00000002)
Apr 18 18:59:07 fedora kernel: ACPI: SSDT 0x00000000B7952000 007EFB (v02 LENOVO AmdTable 00000002 MSFT 02000002)
Apr 18 18:59:07 fedora kernel: ACPI: MSDM 0x00000000B78CB000 000055 (v03 LENOVO CB-01    00000000 PTEC 00000002)
Apr 18 18:59:07 fedora kernel: ACPI: BATB 0x00000000B78B5000 00004A (v02 LENOVO CB-01    00000000 PTEC 00000002)
Apr 18 18:59:07 fedora kernel: ACPI: HPET 0x00000000B66B2000 000038 (v01 LENOVO CB-01    00000001 PTEC 00000002)
Apr 18 18:59:07 fedora kernel: ACPI: APIC 0x00000000B66B1000 000138 (v02 LENOVO CB-01    00000000 PTEC 00000002)
Apr 18 18:59:07 fedora kernel: ACPI: MCFG 0x00000000B66B0000 00003C (v01 LENOVO CB-01    00000001 PTEC 00000002)
Apr 18 18:59:07 fedora kernel: ACPI: WSMT 0x00000000B66AF000 000028 (v01 LENOVO CB-01    00000000 PTEC 00000002)
Apr 18 18:59:07 fedora kernel: ACPI: VFCT 0x00000000B6696000 00AE84 (v01 LENOVO CB-01    00000001 PTEC 00000002)
Apr 18 18:59:07 fedora kernel: ACPI: SSDT 0x00000000B666B000 0029BC (v02 LENOVO AmdTable 00000001 AMD  00000001)
Apr 18 18:59:07 fedora kernel: ACPI: CRAT 0x00000000B666A000 0007C0 (v01 LENOVO CB-01    00000001 PTEC 00000002)
Apr 18 18:59:07 fedora kernel: ACPI: CDIT 0x00000000B6669000 000029 (v01 LENOVO CB-01    00000001 PTEC 00000002)
Apr 18 18:59:07 fedora kernel: ACPI: SSDT 0x00000000B6668000 00053A (v01 LENOVO Tpm2Tabl 00009999 INTL 20180313)
Apr 18 18:59:07 fedora kernel: ACPI: TPM2 0x00000000B6667000 000038 (v04 LENOVO CB-01    00000002 PTEC 00000002)
Apr 18 18:59:07 fedora kernel: ACPI: FPDT 0x00000000B6666000 000034 (v01 LENOVO CB-01    00000002 PTEC 00000002)
Apr 18 18:59:07 fedora kernel: ACPI: SSDT 0x00000000B6665000 000BCB (v02 LENOVO AmdTable 00000001 INTL 20180313)
Apr 18 18:59:07 fedora kernel: ACPI: SSDT 0x00000000B6662000 002B68 (v02 LENOVO AmdTable 00000001 INTL 20180313)
Apr 18 18:59:07 fedora kernel: ACPI: SSDT 0x00000000B6659000 008FF9 (v02 LENOVO AmdTable 00000001 INTL 20180313)
Apr 18 18:59:07 fedora kernel: ACPI: BGRT 0x00000000B6658000 000038 (v01 LENOVO CB-01    00000002 PTEC 00000002)
Apr 18 18:59:07 fedora kernel: ACPI: SSDT 0x00000000B6657000 0007CC (v02 LENOVO AmdTable 00000001 INTL 20180313)
Apr 18 18:59:07 fedora kernel: ACPI: SSDT 0x00000000B6656000 000DEF (v02 LENOVO AmdTable 00000001 INTL 20180313)
Apr 18 18:59:07 fedora kernel: ACPI: SSDT 0x00000000B6655000 000877 (v02 LENOVO AmdTable 00000001 INTL 20180313)
Apr 18 18:59:07 fedora kernel: ACPI: SSDT 0x00000000B6654000 0007B7 (v02 LENOVO AmdTable 00000001 INTL 20180313)
Apr 18 18:59:07 fedora kernel: ACPI: SSDT 0x00000000B6651000 002073 (v02 LENOVO AmdTable 00000001 INTL 20180313)
Apr 18 18:59:07 fedora kernel: ACPI: SSDT 0x00000000B664C000 004A22 (v02 LENOVO AmdTable 00000001 INTL 20180313)
Apr 18 18:59:07 fedora kernel: ACPI: SSDT 0x00000000B664B000 000D43 (v02 LENOVO AmdTable 00000001 INTL 20180313)
Apr 18 18:59:07 fedora kernel: ACPI: UEFI 0x00000000BBB56000 0000EE (v01 LENOVO CB-01    00000001 PTEC 00000002)
Apr 18 18:59:07 fedora kernel: ACPI: SSDT 0x00000000B799A000 000827 (v02 LENOVO AmdTable 00000001 INTL 20180313)
Apr 18 18:59:07 fedora kernel: ACPI: SSDT 0x00000000B7999000 000090 (v02 LENOVO AmdTable 00000001 INTL 20180313)
Apr 18 18:59:07 fedora kernel: ACPI: SSDT 0x00000000B7998000 0004DF (v02 LENOVO AmdTable 00000001 INTL 20180313)
Apr 18 18:59:07 fedora kernel: ACPI: SSDT 0x00000000B7996000 00120B (v02 LENOVO AmdTable 00000001 INTL 20180313)
Apr 18 18:59:07 fedora kernel: ACPI: Reserving FACP table memory at [mem 0xb66b3000-0xb66b3113]
Apr 18 18:59:07 fedora kernel: ACPI: Reserving DSDT table memory at [mem 0xb66a1000-0xb66ae321]
Apr 18 18:59:07 fedora kernel: ACPI: Reserving FACS table memory at [mem 0xbbb58000-0xbbb5803f]
Apr 18 18:59:07 fedora kernel: ACPI: Reserving SSDT table memory at [mem 0xb7a33000-0xb7a3390c]
Apr 18 18:59:07 fedora kernel: ACPI: Reserving IVRS table memory at [mem 0xb795a000-0xb795a197]
Apr 18 18:59:07 fedora kernel: ACPI: Reserving SSDT table memory at [mem 0xb7952000-0xb7959efa]
Apr 18 18:59:07 fedora kernel: ACPI: Reserving MSDM table memory at [mem 0xb78cb000-0xb78cb054]
Apr 18 18:59:07 fedora kernel: ACPI: Reserving BATB table memory at [mem 0xb78b5000-0xb78b5049]
Apr 18 18:59:07 fedora kernel: ACPI: Reserving HPET table memory at [mem 0xb66b2000-0xb66b2037]
Apr 18 18:59:07 fedora kernel: ACPI: Reserving APIC table memory at [mem 0xb66b1000-0xb66b1137]
Apr 18 18:59:07 fedora kernel: ACPI: Reserving MCFG table memory at [mem 0xb66b0000-0xb66b003b]
Apr 18 18:59:07 fedora kernel: ACPI: Reserving WSMT table memory at [mem 0xb66af000-0xb66af027]
Apr 18 18:59:07 fedora kernel: ACPI: Reserving VFCT table memory at [mem 0xb6696000-0xb66a0e83]
Apr 18 18:59:07 fedora kernel: ACPI: Reserving SSDT table memory at [mem 0xb666b000-0xb666d9bb]
Apr 18 18:59:07 fedora kernel: ACPI: Reserving CRAT table memory at [mem 0xb666a000-0xb666a7bf]
Apr 18 18:59:07 fedora kernel: ACPI: Reserving CDIT table memory at [mem 0xb6669000-0xb6669028]
Apr 18 18:59:07 fedora kernel: ACPI: Reserving SSDT table memory at [mem 0xb6668000-0xb6668539]
Apr 18 18:59:07 fedora kernel: ACPI: Reserving TPM2 table memory at [mem 0xb6667000-0xb6667037]
Apr 18 18:59:07 fedora kernel: ACPI: Reserving FPDT table memory at [mem 0xb6666000-0xb6666033]
Apr 18 18:59:07 fedora kernel: ACPI: Reserving SSDT table memory at [mem 0xb6665000-0xb6665bca]
Apr 18 18:59:07 fedora kernel: ACPI: Reserving SSDT table memory at [mem 0xb6662000-0xb6664b67]
Apr 18 18:59:07 fedora kernel: ACPI: Reserving SSDT table memory at [mem 0xb6659000-0xb6661ff8]
Apr 18 18:59:07 fedora kernel: ACPI: Reserving BGRT table memory at [mem 0xb6658000-0xb6658037]
Apr 18 18:59:07 fedora kernel: ACPI: Reserving SSDT table memory at [mem 0xb6657000-0xb66577cb]
Apr 18 18:59:07 fedora kernel: ACPI: Reserving SSDT table memory at [mem 0xb6656000-0xb6656dee]
Apr 18 18:59:07 fedora kernel: ACPI: Reserving SSDT table memory at [mem 0xb6655000-0xb6655876]
Apr 18 18:59:07 fedora kernel: ACPI: Reserving SSDT table memory at [mem 0xb6654000-0xb66547b6]
Apr 18 18:59:07 fedora kernel: ACPI: Reserving SSDT table memory at [mem 0xb6651000-0xb6653072]
Apr 18 18:59:07 fedora kernel: ACPI: Reserving SSDT table memory at [mem 0xb664c000-0xb6650a21]
Apr 18 18:59:07 fedora kernel: ACPI: Reserving SSDT table memory at [mem 0xb664b000-0xb664bd42]
Apr 18 18:59:07 fedora kernel: ACPI: Reserving UEFI table memory at [mem 0xbbb56000-0xbbb560ed]
Apr 18 18:59:07 fedora kernel: ACPI: Reserving SSDT table memory at [mem 0xb799a000-0xb799a826]
Apr 18 18:59:07 fedora kernel: ACPI: Reserving SSDT table memory at [mem 0xb7999000-0xb799908f]
Apr 18 18:59:07 fedora kernel: ACPI: Reserving SSDT table memory at [mem 0xb7998000-0xb79984de]
Apr 18 18:59:07 fedora kernel: ACPI: Reserving SSDT table memory at [mem 0xb7996000-0xb799720a]
Apr 18 18:59:07 fedora kernel: No NUMA configuration found
Apr 18 18:59:07 fedora kernel: Faking a node at [mem 0x0000000000000000-0x00000001be33ffff]
Apr 18 18:59:07 fedora kernel: NODE_DATA(0) allocated [mem 0x1be315280-0x1be33ffff]
Apr 18 18:59:07 fedora kernel: Zone ranges:
Apr 18 18:59:07 fedora kernel:   DMA      [mem 0x0000000000001000-0x0000000000ffffff]
Apr 18 18:59:07 fedora kernel:   DMA32    [mem 0x0000000001000000-0x00000000ffffffff]
Apr 18 18:59:07 fedora kernel:   Normal   [mem 0x0000000100000000-0x00000001be33ffff]
Apr 18 18:59:07 fedora kernel:   Device   empty
Apr 18 18:59:07 fedora kernel: Movable zone start for each node
Apr 18 18:59:07 fedora kernel: Early memory node ranges
Apr 18 18:59:07 fedora kernel:   node   0: [mem 0x0000000000001000-0x000000000009ffff]
Apr 18 18:59:07 fedora kernel:   node   0: [mem 0x0000000000100000-0x0000000009bfffff]
Apr 18 18:59:07 fedora kernel:   node   0: [mem 0x0000000009dc1000-0x0000000009efffff]
Apr 18 18:59:07 fedora kernel:   node   0: [mem 0x0000000009f1e000-0x00000000b587dfff]
Apr 18 18:59:07 fedora kernel:   node   0: [mem 0x00000000bbbfe000-0x00000000bcff6fff]
Apr 18 18:59:07 fedora kernel:   node   0: [mem 0x00000000bcff8000-0x00000000bcffffff]
Apr 18 18:59:07 fedora kernel:   node   0: [mem 0x0000000100000000-0x00000001be33ffff]
Apr 18 18:59:07 fedora kernel: Initmem setup node 0 [mem 0x0000000000001000-0x00000001be33ffff]
Apr 18 18:59:07 fedora kernel: On node 0, zone DMA: 1 pages in unavailable ranges
Apr 18 18:59:07 fedora kernel: On node 0, zone DMA: 96 pages in unavailable ranges
Apr 18 18:59:07 fedora kernel: On node 0, zone DMA32: 449 pages in unavailable ranges
Apr 18 18:59:07 fedora kernel: On node 0, zone DMA32: 30 pages in unavailable ranges
Apr 18 18:59:07 fedora kernel: On node 0, zone DMA32: 25472 pages in unavailable ranges
Apr 18 18:59:07 fedora kernel: On node 0, zone DMA32: 1 pages in unavailable ranges
Apr 18 18:59:07 fedora kernel: On node 0, zone Normal: 12288 pages in unavailable ranges
Apr 18 18:59:07 fedora kernel: On node 0, zone Normal: 7360 pages in unavailable ranges
Apr 18 18:59:07 fedora kernel: ACPI: PM-Timer IO Port: 0x408
Apr 18 18:59:07 fedora kernel: ACPI: LAPIC_NMI (acpi_id[0x00] high edge lint[0x1])
Apr 18 18:59:07 fedora kernel: ACPI: LAPIC_NMI (acpi_id[0x01] high edge lint[0x1])
Apr 18 18:59:07 fedora kernel: ACPI: LAPIC_NMI (acpi_id[0x02] high edge lint[0x1])
Apr 18 18:59:07 fedora kernel: ACPI: LAPIC_NMI (acpi_id[0x03] high edge lint[0x1])
Apr 18 18:59:07 fedora kernel: ACPI: LAPIC_NMI (acpi_id[0x04] high edge lint[0x1])
Apr 18 18:59:07 fedora kernel: ACPI: LAPIC_NMI (acpi_id[0x05] high edge lint[0x1])
Apr 18 18:59:07 fedora kernel: ACPI: LAPIC_NMI (acpi_id[0x06] high edge lint[0x1])
Apr 18 18:59:07 fedora kernel: ACPI: LAPIC_NMI (acpi_id[0x07] high edge lint[0x1])
Apr 18 18:59:07 fedora kernel: ACPI: LAPIC_NMI (acpi_id[0x08] high edge lint[0x1])
Apr 18 18:59:07 fedora kernel: ACPI: LAPIC_NMI (acpi_id[0x09] high edge lint[0x1])
Apr 18 18:59:07 fedora kernel: ACPI: LAPIC_NMI (acpi_id[0x0a] high edge lint[0x1])
Apr 18 18:59:07 fedora kernel: ACPI: LAPIC_NMI (acpi_id[0x0b] high edge lint[0x1])
Apr 18 18:59:07 fedora kernel: ACPI: LAPIC_NMI (acpi_id[0x0c] high edge lint[0x1])
Apr 18 18:59:07 fedora kernel: ACPI: LAPIC_NMI (acpi_id[0x0d] high edge lint[0x1])
Apr 18 18:59:07 fedora kernel: ACPI: LAPIC_NMI (acpi_id[0x0e] high edge lint[0x1])
Apr 18 18:59:07 fedora kernel: ACPI: LAPIC_NMI (acpi_id[0x0f] high edge lint[0x1])
Apr 18 18:59:07 fedora kernel: IOAPIC[0]: apic_id 32, version 33, address 0xfec00000, GSI 0-23
Apr 18 18:59:07 fedora kernel: ACPI: INT_SRC_OVR (bus 0 bus_irq 0 global_irq 2 dfl dfl)
Apr 18 18:59:07 fedora kernel: ACPI: INT_SRC_OVR (bus 0 bus_irq 9 global_irq 9 low level)
Apr 18 18:59:07 fedora kernel: ACPI: Using ACPI (MADT) for SMP configuration information
Apr 18 18:59:07 fedora kernel: ACPI: HPET id: 0x43538210 base: 0xfed00000
Apr 18 18:59:07 fedora kernel: e820: update [mem 0xb10f6000-0xb11e9fff] usable ==> reserved
Apr 18 18:59:07 fedora kernel: CPU topo: Max. logical packages:   1
Apr 18 18:59:07 fedora kernel: CPU topo: Max. logical nodes:      1
Apr 18 18:59:07 fedora kernel: CPU topo: Num. nodes per package:  1
Apr 18 18:59:07 fedora kernel: CPU topo: Max. logical dies:       1
Apr 18 18:59:07 fedora kernel: CPU topo: Max. dies per package:   1
Apr 18 18:59:07 fedora kernel: CPU topo: Max. threads per core:   2
Apr 18 18:59:07 fedora kernel: CPU topo: Num. cores per package:     4
Apr 18 18:59:07 fedora kernel: CPU topo: Num. threads per package:   8
Apr 18 18:59:07 fedora kernel: CPU topo: Allowing 8 present CPUs plus 0 hotplug CPUs
Apr 18 18:59:07 fedora kernel: PM: hibernation: Registered nosave memory: [mem 0x00000000-0x00000fff]
Apr 18 18:59:07 fedora kernel: PM: hibernation: Registered nosave memory: [mem 0x000a0000-0x000fffff]
Apr 18 18:59:07 fedora kernel: PM: hibernation: Registered nosave memory: [mem 0x09c00000-0x09dc0fff]
Apr 18 18:59:07 fedora kernel: PM: hibernation: Registered nosave memory: [mem 0x09f00000-0x09f1dfff]
Apr 18 18:59:07 fedora kernel: PM: hibernation: Registered nosave memory: [mem 0xb10f6000-0xb11e9fff]
Apr 18 18:59:07 fedora kernel: PM: hibernation: Registered nosave memory: [mem 0xb1b41000-0xb1b41fff]
Apr 18 18:59:07 fedora kernel: PM: hibernation: Registered nosave memory: [mem 0xb587e000-0xbbbfdfff]
Apr 18 18:59:07 fedora kernel: PM: hibernation: Registered nosave memory: [mem 0xbcff7000-0xbcff7fff]
Apr 18 18:59:07 fedora kernel: PM: hibernation: Registered nosave memory: [mem 0xbd000000-0xffffffff]
Apr 18 18:59:07 fedora kernel: [mem 0xc0000000-0xdfffffff] available for PCI devices
Apr 18 18:59:07 fedora kernel: Booting paravirtualized kernel on bare hardware
Apr 18 18:59:07 fedora kernel: clocksource: refined-jiffies: mask: 0xffffffff max_cycles: 0xffffffff, max_idle_ns: 1910969940391419 ns
Apr 18 18:59:07 fedora kernel: setup_percpu: NR_CPUS:8192 nr_cpumask_bits:8 nr_cpu_ids:8 nr_node_ids:1
Apr 18 18:59:07 fedora kernel: percpu: Embedded 84 pages/cpu s221184 r8192 d114688 u524288
Apr 18 18:59:07 fedora kernel: pcpu-alloc: s221184 r8192 d114688 u524288 alloc=1*2097152
Apr 18 18:59:07 fedora kernel: pcpu-alloc: [0] 0 1 2 3 [0] 4 5 6 7
Apr 18 18:59:07 fedora kernel: Kernel command line: BOOT_IMAGE=(hd1,gpt2)/vmlinuz-6.19.12-200.fc43.x86_64 root=UUID=49bc71f0-007a-40f9-a9c2-94a5c2f09479 ro rootflags=subvol=root rhgb quiet
Apr 18 18:59:07 fedora kernel: Unknown kernel command line parameters "rhgb", will be passed to user space.
Apr 18 18:59:07 fedora kernel: printk: log buffer data + meta data: 262144 + 917504 = 1179648 bytes
Apr 18 18:59:07 fedora kernel: Dentry cache hash table entries: 1048576 (order: 11, 8388608 bytes, linear)
Apr 18 18:59:07 fedora kernel: Inode-cache hash table entries: 524288 (order: 10, 4194304 bytes, linear)
Apr 18 18:59:07 fedora kernel: software IO TLB: area num 8.
Apr 18 18:59:07 fedora kernel: Fallback order for Node 0: 0
Apr 18 18:59:07 fedora kernel: Built 1 zonelists, mobility grouping on.  Total pages: 1527167
Apr 18 18:59:07 fedora kernel: Policy zone: Normal
Apr 18 18:59:07 fedora kernel: mem auto-init: stack:all(zero), heap alloc:on, heap free:off
Apr 18 18:59:07 fedora kernel: SLUB: HWalign=64, Order=0-3, MinObjects=0, CPUs=8, Nodes=1
Apr 18 18:59:07 fedora kernel: ftrace: allocating 63438 entries in 248 pages
Apr 18 18:59:07 fedora kernel: ftrace: allocated 248 pages with 5 groups
Apr 18 18:59:07 fedora kernel: Dynamic Preempt: lazy
Apr 18 18:59:07 fedora kernel: rcu: Preemptible hierarchical RCU implementation.
Apr 18 18:59:07 fedora kernel: rcu:         RCU event tracing is enabled.
Apr 18 18:59:07 fedora kernel: rcu:         RCU restricting CPUs from NR_CPUS=8192 to nr_cpu_ids=8.
Apr 18 18:59:07 fedora kernel:         Trampoline variant of Tasks RCU enabled.
Apr 18 18:59:07 fedora kernel:         Rude variant of Tasks RCU enabled.
Apr 18 18:59:07 fedora kernel:         Tracing variant of Tasks RCU enabled.
Apr 18 18:59:07 fedora kernel: rcu: RCU calculated value of scheduler-enlistment delay is 100 jiffies.
Apr 18 18:59:07 fedora kernel: rcu: Adjusting geometry for rcu_fanout_leaf=16, nr_cpu_ids=8
Apr 18 18:59:07 fedora kernel: RCU Tasks: Setting shift to 3 and lim to 1 rcu_task_cb_adjust=1 rcu_task_cpu_ids=8.
Apr 18 18:59:07 fedora kernel: RCU Tasks Rude: Setting shift to 3 and lim to 1 rcu_task_cb_adjust=1 rcu_task_cpu_ids=8.
Apr 18 18:59:07 fedora kernel: RCU Tasks Trace: Setting shift to 3 and lim to 1 rcu_task_cb_adjust=1 rcu_task_cpu_ids=8.
Apr 18 18:59:07 fedora kernel: NR_IRQS: 524544, nr_irqs: 1032, preallocated irqs: 16
Apr 18 18:59:07 fedora kernel: rcu: srcu_init: Setting srcu_struct sizes based on contention.
Apr 18 18:59:07 fedora kernel: kfence: initialized - using 2097152 bytes for 255 objects at 0x(____ptrval____)-0x(____ptrval____)
Apr 18 18:59:07 fedora kernel: Console: colour dummy device 80x25
Apr 18 18:59:07 fedora kernel: printk: legacy console [tty0] enabled
Apr 18 18:59:07 fedora kernel: ACPI: Core revision 20250807
Apr 18 18:59:07 fedora kernel: clocksource: hpet: mask: 0xffffffff max_cycles: 0xffffffff, max_idle_ns: 133484873504 ns
Apr 18 18:59:07 fedora kernel: APIC: Switch to symmetric I/O mode setup
Apr 18 18:59:07 fedora kernel: AMD-Vi: ivrs, add hid:AMDI0020, uid:\_SB.FUR0, rdevid:0xa0
Apr 18 18:59:07 fedora kernel: AMD-Vi: ivrs, add hid:AMDI0020, uid:\_SB.FUR1, rdevid:0xa0
Apr 18 18:59:07 fedora kernel: AMD-Vi: ivrs, add hid:AMDI0020, uid:\_SB.FUR2, rdevid:0xa0
Apr 18 18:59:07 fedora kernel: AMD-Vi: ivrs, add hid:AMDI0020, uid:\_SB.FUR3, rdevid:0xa0
Apr 18 18:59:07 fedora kernel: AMD-Vi: Using global IVHD EFR:0x246577efa2254afa, EFR2:0x0
Apr 18 18:59:07 fedora kernel: x2apic: IRQ remapping doesn't support X2APIC mode
Apr 18 18:59:07 fedora kernel: ..TIMER: vector=0x30 apic1=0 pin1=2 apic2=-1 pin2=-1
Apr 18 18:59:07 fedora kernel: clocksource: tsc-early: mask: 0xffffffffffffffff max_cycles: 0x2848b23ffb4, max_idle_ns: 440795329966 ns
Apr 18 18:59:07 fedora kernel: Calibrating delay loop (skipped), value calculated using timer frequency.. 5589.40 BogoMIPS (lpj=2794700)
Apr 18 18:59:07 fedora kernel: x86/cpu: User Mode Instruction Prevention (UMIP) activated
Apr 18 18:59:07 fedora kernel: LVT offset 1 assigned for vector 0xf9
Apr 18 18:59:07 fedora kernel: LVT offset 2 assigned for vector 0xf4
Apr 18 18:59:07 fedora kernel: Last level iTLB entries: 4KB 1024, 2MB 1024, 4MB 512
Apr 18 18:59:07 fedora kernel: Last level dTLB entries: 4KB 2048, 2MB 2048, 4MB 1024, 1GB 0
Apr 18 18:59:07 fedora kernel: process: using mwait in idle threads
Apr 18 18:59:07 fedora kernel: mitigations: Enabled attack vectors: user_kernel, user_user, guest_host, guest_guest, SMT mitigations: auto
Apr 18 18:59:07 fedora kernel: Speculative Store Bypass: Mitigation: Speculative Store Bypass disabled via prctl
Apr 18 18:59:07 fedora kernel: Spectre V2 : Mitigation: Retpolines
Apr 18 18:59:07 fedora kernel: RETBleed: Mitigation: untrained return thunk
Apr 18 18:59:07 fedora kernel: Spectre V2 : Selecting STIBP always-on mode to complement retbleed mitigation
Apr 18 18:59:07 fedora kernel: Spectre V2 : User space: Mitigation: STIBP always-on protection
Apr 18 18:59:07 fedora kernel: Speculative Return Stack Overflow: Mitigation: Safe RET
Apr 18 18:59:07 fedora kernel: VMSCAPE: Mitigation: IBPB before exit to userspace
Apr 18 18:59:07 fedora kernel: Spectre V1 : Mitigation: usercopy/swapgs barriers and __user pointer sanitization
Apr 18 18:59:07 fedora kernel: Spectre V2 : Spectre v2 / SpectreRSB: Filling RSB on context switch and VMEXIT
Apr 18 18:59:07 fedora kernel: Spectre V2 : Enabling Speculation Barrier for firmware calls
Apr 18 18:59:07 fedora kernel: active return thunk: retbleed_return_thunk
Apr 18 18:59:07 fedora kernel: Spectre V2 : mitigation: Enabling conditional Indirect Branch Prediction Barrier
Apr 18 18:59:07 fedora kernel: active return thunk: srso_return_thunk
Apr 18 18:59:07 fedora kernel: x86/fpu: Supporting XSAVE feature 0x001: 'x87 floating point registers'
Apr 18 18:59:07 fedora kernel: x86/fpu: Supporting XSAVE feature 0x002: 'SSE registers'
Apr 18 18:59:07 fedora kernel: x86/fpu: Supporting XSAVE feature 0x004: 'AVX registers'
Apr 18 18:59:07 fedora kernel: x86/fpu: xstate_offset[2]:  576, xstate_sizes[2]:  256
Apr 18 18:59:07 fedora kernel: x86/fpu: Enabled xstate features 0x7, context size is 832 bytes, using 'compacted' format.
Apr 18 18:59:07 fedora kernel: Freeing SMP alternatives memory: 56K
Apr 18 18:59:07 fedora kernel: pid_max: default: 32768 minimum: 301
Apr 18 18:59:07 fedora kernel: Yama: becoming mindful.
Apr 18 18:59:07 fedora kernel: SELinux:  Initializing.
Apr 18 18:59:07 fedora kernel: LSM support for eBPF active
Apr 18 18:59:07 fedora kernel: landlock: Up and running.
Apr 18 18:59:07 fedora kernel: Mount-cache hash table entries: 16384 (order: 5, 131072 bytes, linear)
Apr 18 18:59:07 fedora kernel: Mountpoint-cache hash table entries: 16384 (order: 5, 131072 bytes, linear)
Apr 18 18:59:07 fedora kernel: smpboot: CPU0: AMD Ryzen 5 7520U with Radeon Graphics (family: 0x17, model: 0xa0, stepping: 0x0)
Apr 18 18:59:07 fedora kernel: Performance Events: Fam17h+ core perfctr, AMD PMU driver.
Apr 18 18:59:07 fedora kernel: ... version:                   0
Apr 18 18:59:07 fedora kernel: ... bit width:                 48
Apr 18 18:59:07 fedora kernel: ... generic counters:          6
Apr 18 18:59:07 fedora kernel: ... generic bitmap:            000000000000003f
Apr 18 18:59:07 fedora kernel: ... fixed-purpose counters:    0
Apr 18 18:59:07 fedora kernel: ... fixed-purpose bitmap:      0000000000000000
Apr 18 18:59:07 fedora kernel: ... value mask:                0000ffffffffffff
Apr 18 18:59:07 fedora kernel: ... max period:                00007fffffffffff
Apr 18 18:59:07 fedora kernel: ... global_ctrl mask:          000000000000003f
Apr 18 18:59:07 fedora kernel: signal: max sigframe size: 1776
Apr 18 18:59:07 fedora kernel: rcu: Hierarchical SRCU implementation.
Apr 18 18:59:07 fedora kernel: rcu:         Max phase no-delay instances is 400.
Apr 18 18:59:07 fedora kernel: Timer migration: 1 hierarchy levels; 8 children per group; 1 crossnode level
Apr 18 18:59:07 fedora kernel: NMI watchdog: Enabled. Permanently consumes one hw-PMU counter.
Apr 18 18:59:07 fedora kernel: smp: Bringing up secondary CPUs ...
Apr 18 18:59:07 fedora kernel: smpboot: x86: Booting SMP configuration:
Apr 18 18:59:07 fedora kernel: .... node  #0, CPUs:      #2 #4 #6
Apr 18 18:59:07 fedora kernel: TSC synchronization [CPU#0 -> CPU#2]:
Apr 18 18:59:07 fedora kernel: Measured 2515403022 cycles TSC warp between CPUs, turning off TSC clock.
Apr 18 18:59:07 fedora kernel: tsc: Marking TSC unstable due to check_tsc_sync_source failed
Apr 18 18:59:07 fedora kernel:  #1 #3 #5 #7
Apr 18 18:59:07 fedora kernel: Spectre V2 : Update user space SMT mitigation: STIBP always-on
Apr 18 18:59:07 fedora kernel: smp: Brought up 1 node, 8 CPUs
Apr 18 18:59:07 fedora kernel: smpboot: Total of 8 processors activated (44715.20 BogoMIPS)
Apr 18 18:59:07 fedora kernel: Memory: 5681868K/6108668K available (22597K kernel code, 4588K rwdata, 17852K rodata, 5200K init, 5788K bss, 409400K reserved, 0K cma-reserved)
Apr 18 18:59:07 fedora kernel: devtmpfs: initialized
Apr 18 18:59:07 fedora kernel: x86/mm: Memory block size: 128MB
Apr 18 18:59:07 fedora kernel: ACPI: PM: Registering ACPI NVS region [mem 0x09f00000-0x09f1dfff] (122880 bytes)
Apr 18 18:59:07 fedora kernel: ACPI: PM: Registering ACPI NVS region [mem 0xb9a7e000-0xbbb7dfff] (34603008 bytes)
Apr 18 18:59:07 fedora kernel: clocksource: jiffies: mask: 0xffffffff max_cycles: 0xffffffff, max_idle_ns: 1911260446275000 ns
Apr 18 18:59:07 fedora kernel: posixtimers hash table entries: 4096 (order: 4, 65536 bytes, linear)
Apr 18 18:59:07 fedora kernel: futex hash table entries: 2048 (131072 bytes on 1 NUMA nodes, total 128 KiB, linear).
Apr 18 18:59:07 fedora kernel: PM: RTC time: 16:59:06, date: 2026-04-18
Apr 18 18:59:07 fedora kernel: NET: Registered PF_NETLINK/PF_ROUTE protocol family
Apr 18 18:59:07 fedora kernel: DMA: preallocated 1024 KiB GFP_KERNEL pool for atomic allocations
Apr 18 18:59:07 fedora kernel: DMA: preallocated 1024 KiB GFP_KERNEL|GFP_DMA pool for atomic allocations
Apr 18 18:59:07 fedora kernel: DMA: preallocated 1024 KiB GFP_KERNEL|GFP_DMA32 pool for atomic allocations
Apr 18 18:59:07 fedora kernel: audit: initializing netlink subsys (disabled)
Apr 18 18:59:07 fedora kernel: audit: type=2000 audit(1776531546.166:1): state=initialized audit_enabled=0 res=1
Apr 18 18:59:07 fedora kernel: thermal_sys: Registered thermal governor 'fair_share'
Apr 18 18:59:07 fedora kernel: thermal_sys: Registered thermal governor 'bang_bang'
Apr 18 18:59:07 fedora kernel: thermal_sys: Registered thermal governor 'step_wise'
Apr 18 18:59:07 fedora kernel: thermal_sys: Registered thermal governor 'user_space'
Apr 18 18:59:07 fedora kernel: cpuidle: using governor menu
Apr 18 18:59:07 fedora kernel: efi: Freeing EFI boot services memory: 90516K
Apr 18 18:59:07 fedora kernel: acpiphp: ACPI Hot Plug PCI Controller Driver version: 0.5
Apr 18 18:59:07 fedora kernel: PCI: ECAM [mem 0xe0000000-0xefffffff] (base 0xe0000000) for domain 0000 [bus 00-ff]
Apr 18 18:59:07 fedora kernel: PCI: Using configuration type 1 for base access
Apr 18 18:59:07 fedora kernel: mtrr: your CPUs had inconsistent fixed MTRR settings
Apr 18 18:59:07 fedora kernel: mtrr: your CPUs had inconsistent variable MTRR settings
Apr 18 18:59:07 fedora kernel: mtrr: probably your BIOS does not setup all CPUs.
Apr 18 18:59:07 fedora kernel: mtrr: corrected configuration.
Apr 18 18:59:07 fedora kernel: kprobes: kprobe jump-optimization is enabled. All kprobes are optimized if possible.
Apr 18 18:59:07 fedora kernel: HugeTLB: registered 1.00 GiB page size, pre-allocated 0 pages
Apr 18 18:59:07 fedora kernel: HugeTLB: 16380 KiB vmemmap can be freed for a 1.00 GiB page
Apr 18 18:59:07 fedora kernel: HugeTLB: registered 2.00 MiB page size, pre-allocated 0 pages
Apr 18 18:59:07 fedora kernel: HugeTLB: 28 KiB vmemmap can be freed for a 2.00 MiB page
Apr 18 18:59:07 fedora kernel: raid6: skipped pq benchmark and selected avx2x4
Apr 18 18:59:07 fedora kernel: raid6: using avx2x2 recovery algorithm
Apr 18 18:59:07 fedora kernel: ACPI: Added _OSI(Module Device)
Apr 18 18:59:07 fedora kernel: ACPI: Added _OSI(Processor Device)
Apr 18 18:59:07 fedora kernel: ACPI: Added _OSI(Processor Aggregator Device)
Apr 18 18:59:07 fedora kernel: ACPI BIOS Error (bug): Failure creating named object [\_TZ.TZ01], AE_ALREADY_EXISTS (20250807/dswload2-326)
Apr 18 18:59:07 fedora kernel: ACPI Error: AE_ALREADY_EXISTS, During name lookup/catalog (20250807/psobject-220)
Apr 18 18:59:07 fedora kernel: ACPI: Skipping parse of AML opcode: ThermalZone (0x5B85)
Apr 18 18:59:07 fedora kernel: ACPI: 19 ACPI AML tables successfully acquired and loaded
Apr 18 18:59:07 fedora kernel: ACPI: [Firmware Bug]: BIOS _OSI(Linux) query ignored
Apr 18 18:59:07 fedora kernel: ACPI: EC: EC started
Apr 18 18:59:07 fedora kernel: ACPI: EC: interrupt blocked
Apr 18 18:59:07 fedora kernel: ACPI: EC: EC_CMD/EC_SC=0x66, EC_DATA=0x62
Apr 18 18:59:07 fedora kernel: ACPI: \_SB_.PCI0.LPC0.EC0_: Boot DSDT EC used to handle transactions
Apr 18 18:59:07 fedora kernel: ACPI: Interpreter enabled
Apr 18 18:59:07 fedora kernel: ACPI: PM: (supports S0 S4 S5)
Apr 18 18:59:07 fedora kernel: ACPI: Using IOAPIC for interrupt routing
Apr 18 18:59:07 fedora kernel: PCI: Using host bridge windows from ACPI; if necessary, use "pci=nocrs" and report a bug
Apr 18 18:59:07 fedora kernel: PCI: Ignoring E820 reservations for host bridge windows
Apr 18 18:59:07 fedora kernel: ACPI: Enabled 2 GPEs in block 00 to 1F
Apr 18 18:59:07 fedora kernel: ACPI: \_SB_.PCI0.GPP1.P0NV: New power resource
Apr 18 18:59:07 fedora kernel: ACPI Error: Needed [Integer/String/Buffer], found [Region] (____ptrval____) (20250807/exresop-469)
Apr 18 18:59:07 fedora kernel: ACPI Error: AE_AML_OPERAND_TYPE, While resolving operands for [LEqual] (20250807/dswexec-433)
Apr 18 18:59:07 fedora kernel: ACPI Error: Aborting method \_SB.PCI0.GPP2.WLAN._STA due to previous error (AE_AML_OPERAND_TYPE) (20250807/psparse-529)
Apr 18 18:59:07 fedora kernel: ACPI: \_SB_.PCI0.GPP2.WLAN.WRST: New power resource
Apr 18 18:59:07 fedora kernel: ACPI: \_SB_.PCI0.GP17.PWRS: New power resource
Apr 18 18:59:07 fedora kernel: ACPI: \_SB_.PCI0.GP17.VGA_.PWRS: New power resource
Apr 18 18:59:07 fedora kernel: ACPI: \_SB_.PCI0.GP17.ACP_.PWRS: New power resource
Apr 18 18:59:07 fedora kernel: ACPI: \_SB_.PCI0.GP17.AZAL.PWRS: New power resource
Apr 18 18:59:07 fedora kernel: ACPI: \_SB_.PCI0.GP17.HDAU.PWRS: New power resource
Apr 18 18:59:07 fedora kernel: ACPI: \_SB_.PCI0.GP17.XHC0.PWRS: New power resource
Apr 18 18:59:07 fedora kernel: ACPI: \_SB_.PCI0.GP17.XHC0.RHUB.PRT2.BTPR: New power resource
Apr 18 18:59:07 fedora kernel: ACPI: \_SB_.PCI0.GP17.XHC1.PWRS: New power resource
Apr 18 18:59:07 fedora kernel: ACPI: \_SB_.PCI0.GP19.PWRS: New power resource
Apr 18 18:59:07 fedora kernel: ACPI: \_SB_.PCI0.GP19.XHC2.PWRS: New power resource
Apr 18 18:59:07 fedora kernel: ACPI: PCI Root Bridge [PCI0] (domain 0000 [bus 00-ff])
Apr 18 18:59:07 fedora kernel: acpi PNP0A08:00: _OSC: OS supports [ExtendedConfig ASPM ClockPM Segments MSI EDR HPX-Type3]
Apr 18 18:59:07 fedora kernel: acpi PNP0A08:00: _OSC: platform does not support [SHPCHotplug AER]
Apr 18 18:59:07 fedora kernel: acpi PNP0A08:00: _OSC: OS now controls [PCIeHotplug PME PCIeCapability LTR DPC]
Apr 18 18:59:07 fedora kernel: PCI host bridge to bus 0000:00
Apr 18 18:59:07 fedora kernel: pci_bus 0000:00: root bus resource [mem 0x000a0000-0x000effff window]
Apr 18 18:59:07 fedora kernel: pci_bus 0000:00: root bus resource [mem 0xc0000000-0xdfffffff window]
Apr 18 18:59:07 fedora kernel: pci_bus 0000:00: root bus resource [mem 0xf0000000-0xfdbfffff window]
Apr 18 18:59:07 fedora kernel: pci_bus 0000:00: root bus resource [mem 0x240000000-0xffffffffff window]
Apr 18 18:59:07 fedora kernel: pci_bus 0000:00: root bus resource [io  0x0000-0x0cf7 window]
Apr 18 18:59:07 fedora kernel: pci_bus 0000:00: root bus resource [io  0x0d00-0xffff window]
Apr 18 18:59:07 fedora kernel: pci_bus 0000:00: root bus resource [bus 00-ff]
Apr 18 18:59:07 fedora kernel: pci 0000:00:00.0: [1022:14b5] type 00 class 0x060000 conventional PCI endpoint
Apr 18 18:59:07 fedora kernel: pci 0000:00:00.2: [1022:14b6] type 00 class 0x080600 conventional PCI endpoint
Apr 18 18:59:07 fedora kernel: pci 0000:00:01.0: [1022:14b7] type 00 class 0x060000 conventional PCI endpoint
Apr 18 18:59:07 fedora kernel: pci 0000:00:02.0: [1022:14b7] type 00 class 0x060000 conventional PCI endpoint
Apr 18 18:59:07 fedora kernel: pci 0000:00:02.2: [1022:14ba] type 01 class 0x060400 PCIe Root Port
Apr 18 18:59:07 fedora kernel: pci 0000:00:02.2: PCI bridge to [bus 01]
Apr 18 18:59:07 fedora kernel: pci 0000:00:02.2:   bridge window [mem 0xc0600000-0xc06fffff]
Apr 18 18:59:07 fedora kernel: pci 0000:00:02.2: PME# supported from D0 D3hot D3cold
Apr 18 18:59:07 fedora kernel: pci 0000:00:02.3: [1022:14ba] type 01 class 0x060400 PCIe Root Port
Apr 18 18:59:07 fedora kernel: pci 0000:00:02.3: PCI bridge to [bus 02]
Apr 18 18:59:07 fedora kernel: pci 0000:00:02.3:   bridge window [mem 0x280200000-0x2803fffff 64bit pref]
Apr 18 18:59:07 fedora kernel: pci 0000:00:02.3: PME# supported from D0 D3hot D3cold
Apr 18 18:59:07 fedora kernel: pci 0000:00:02.4: [1022:14ba] type 01 class 0x060400 PCIe Root Port
Apr 18 18:59:07 fedora kernel: pci 0000:00:02.4: PCI bridge to [bus 03]
Apr 18 18:59:07 fedora kernel: pci 0000:00:02.4:   bridge window [mem 0xc0500000-0xc05fffff]
Apr 18 18:59:07 fedora kernel: pci 0000:00:02.4: PME# supported from D0 D3hot D3cold
Apr 18 18:59:07 fedora kernel: pci 0000:00:08.0: [1022:14b7] type 00 class 0x060000 conventional PCI endpoint
Apr 18 18:59:07 fedora kernel: pci 0000:00:08.1: [1022:14b9] type 01 class 0x060400 PCIe Root Port
Apr 18 18:59:07 fedora kernel: pci 0000:00:08.1: PCI bridge to [bus 04]
Apr 18 18:59:07 fedora kernel: pci 0000:00:08.1:   bridge window [io  0x1000-0x1fff]
Apr 18 18:59:07 fedora kernel: pci 0000:00:08.1:   bridge window [mem 0xc0100000-0xc04fffff]
Apr 18 18:59:07 fedora kernel: pci 0000:00:08.1:   bridge window [mem 0x270000000-0x2801fffff 64bit pref]
Apr 18 18:59:07 fedora kernel: pci 0000:00:08.1: enabling Extended Tags
Apr 18 18:59:07 fedora kernel: pci 0000:00:08.1: PME# supported from D0 D3hot D3cold
Apr 18 18:59:07 fedora kernel: pci 0000:00:08.3: [1022:14b9] type 01 class 0x060400 PCIe Root Port
Apr 18 18:59:07 fedora kernel: pci 0000:00:08.3: PCI bridge to [bus 05]
Apr 18 18:59:07 fedora kernel: pci 0000:00:08.3:   bridge window [mem 0xc0000000-0xc00fffff]
Apr 18 18:59:07 fedora kernel: pci 0000:00:08.3: enabling Extended Tags
Apr 18 18:59:07 fedora kernel: pci 0000:00:08.3: PME# supported from D0 D3hot D3cold
Apr 18 18:59:07 fedora kernel: pci 0000:00:14.0: [1022:790b] type 00 class 0x0c0500 conventional PCI endpoint
Apr 18 18:59:07 fedora kernel: pci 0000:00:14.3: [1022:790e] type 00 class 0x060100 conventional PCI endpoint
Apr 18 18:59:07 fedora kernel: pci 0000:00:18.0: [1022:1724] type 00 class 0x060000 conventional PCI endpoint
Apr 18 18:59:07 fedora kernel: pci 0000:00:18.1: [1022:1725] type 00 class 0x060000 conventional PCI endpoint
Apr 18 18:59:07 fedora kernel: pci 0000:00:18.2: [1022:1726] type 00 class 0x060000 conventional PCI endpoint
Apr 18 18:59:07 fedora kernel: pci 0000:00:18.3: [1022:1727] type 00 class 0x060000 conventional PCI endpoint
Apr 18 18:59:07 fedora kernel: pci 0000:00:18.4: [1022:1728] type 00 class 0x060000 conventional PCI endpoint
Apr 18 18:59:07 fedora kernel: pci 0000:00:18.5: [1022:1729] type 00 class 0x060000 conventional PCI endpoint
Apr 18 18:59:07 fedora kernel: pci 0000:00:18.6: [1022:172a] type 00 class 0x060000 conventional PCI endpoint
Apr 18 18:59:07 fedora kernel: pci 0000:00:18.7: [1022:172b] type 00 class 0x060000 conventional PCI endpoint
Apr 18 18:59:07 fedora kernel: pci 0000:01:00.0: [1344:5413] type 00 class 0x010802 PCIe Endpoint
Apr 18 18:59:07 fedora kernel: pci 0000:01:00.0: BAR 0 [mem 0xc0600000-0xc0603fff 64bit]
Apr 18 18:59:07 fedora kernel: pci 0000:01:00.0: 15.752 Gb/s available PCIe bandwidth, limited by 8.0 GT/s PCIe x2 link at 0000:00:02.2 (capable of 63.012 Gb/s with 16.0 GT/s PCIe x4 link)
Apr 18 18:59:07 fedora kernel: pci 0000:00:02.2: PCI bridge to [bus 01]
Apr 18 18:59:07 fedora kernel: pci 0000:02:00.0: [14c3:7961] type 00 class 0x028000 PCIe Endpoint
Apr 18 18:59:07 fedora kernel: pci 0000:02:00.0: BAR 0 [mem 0x280200000-0x2802fffff 64bit pref]
Apr 18 18:59:07 fedora kernel: pci 0000:02:00.0: BAR 2 [mem 0x280300000-0x280303fff 64bit pref]
Apr 18 18:59:07 fedora kernel: pci 0000:02:00.0: BAR 4 [mem 0x280304000-0x280304fff 64bit pref]
Apr 18 18:59:07 fedora kernel: pci 0000:02:00.0: supports D1 D2
Apr 18 18:59:07 fedora kernel: pci 0000:02:00.0: PME# supported from D0 D1 D2 D3hot D3cold
Apr 18 18:59:07 fedora kernel: pci 0000:02:00.0: 2.000 Gb/s available PCIe bandwidth, limited by 2.5 GT/s PCIe x1 link at 0000:00:02.3 (capable of 4.000 Gb/s with 5.0 GT/s PCIe x1 link)
Apr 18 18:59:07 fedora kernel: pci 0000:00:02.3: PCI bridge to [bus 02]
Apr 18 18:59:07 fedora kernel: pci 0000:03:00.0: [1217:8621] type 00 class 0x080501 PCIe Endpoint
Apr 18 18:59:07 fedora kernel: pci 0000:03:00.0: BAR 0 [mem 0xc0501000-0xc0501fff]
Apr 18 18:59:07 fedora kernel: pci 0000:03:00.0: BAR 1 [mem 0xc0500000-0xc05007ff]
Apr 18 18:59:07 fedora kernel: pci 0000:03:00.0: PME# supported from D3hot D3cold
Apr 18 18:59:07 fedora kernel: pci 0000:00:02.4: PCI bridge to [bus 03]
Apr 18 18:59:07 fedora kernel: pci 0000:04:00.0: [1002:1506] type 00 class 0x030000 PCIe Legacy Endpoint
Apr 18 18:59:08 fedora kernel: pci 0000:04:00.0: BAR 0 [mem 0x270000000-0x27fffffff 64bit pref]
Apr 18 18:59:08 fedora kernel: pci 0000:04:00.0: BAR 2 [mem 0x280000000-0x2801fffff 64bit pref]
Apr 18 18:59:08 fedora kernel: pci 0000:04:00.0: BAR 4 [io  0x1000-0x10ff]
Apr 18 18:59:08 fedora kernel: pci 0000:04:00.0: BAR 5 [mem 0xc0400000-0xc047ffff]
Apr 18 18:59:08 fedora kernel: pci 0000:04:00.0: enabling Extended Tags
Apr 18 18:59:08 fedora kernel: pci 0000:04:00.0: PME# supported from D1 D2 D3hot D3cold
Apr 18 18:59:08 fedora kernel: pci 0000:04:00.1: [1002:1640] type 00 class 0x040300 PCIe Legacy Endpoint
Apr 18 18:59:08 fedora kernel: pci 0000:04:00.1: BAR 0 [mem 0xc04c8000-0xc04cbfff]
Apr 18 18:59:08 fedora kernel: pci 0000:04:00.1: enabling Extended Tags
Apr 18 18:59:08 fedora kernel: pci 0000:04:00.1: PME# supported from D1 D2 D3hot D3cold
Apr 18 18:59:08 fedora kernel: pci 0000:04:00.2: [1022:1649] type 00 class 0x108000 PCIe Endpoint
Apr 18 18:59:08 fedora kernel: pci 0000:04:00.2: BAR 2 [mem 0xc0300000-0xc03fffff]
Apr 18 18:59:08 fedora kernel: pci 0000:04:00.2: BAR 5 [mem 0xc04cc000-0xc04cdfff]
Apr 18 18:59:08 fedora kernel: pci 0000:04:00.2: enabling Extended Tags
Apr 18 18:59:08 fedora kernel: pci 0000:04:00.3: [1022:1503] type 00 class 0x0c0330 PCIe Endpoint
Apr 18 18:59:08 fedora kernel: pci 0000:04:00.3: BAR 0 [mem 0xc0100000-0xc01fffff 64bit]
Apr 18 18:59:08 fedora kernel: pci 0000:04:00.3: enabling Extended Tags
Apr 18 18:59:08 fedora kernel: pci 0000:04:00.3: PME# supported from D0 D3hot D3cold
Apr 18 18:59:08 fedora kernel: pci 0000:04:00.4: [1022:1504] type 00 class 0x0c0330 PCIe Endpoint
Apr 18 18:59:08 fedora kernel: pci 0000:04:00.4: BAR 0 [mem 0xc0200000-0xc02fffff 64bit]
Apr 18 18:59:08 fedora kernel: pci 0000:04:00.4: enabling Extended Tags
Apr 18 18:59:08 fedora kernel: pci 0000:04:00.4: PME# supported from D0 D3hot D3cold
Apr 18 18:59:08 fedora kernel: pci 0000:04:00.5: [1022:15e2] type 00 class 0x048000 PCIe Endpoint
Apr 18 18:59:08 fedora kernel: pci 0000:04:00.5: BAR 0 [mem 0xc0480000-0xc04bffff]
Apr 18 18:59:08 fedora kernel: pci 0000:04:00.5: enabling Extended Tags
Apr 18 18:59:08 fedora kernel: pci 0000:04:00.5: PME# supported from D0 D3hot D3cold
Apr 18 18:59:08 fedora kernel: pci 0000:04:00.6: [1022:15e3] type 00 class 0x040300 PCIe Endpoint
Apr 18 18:59:08 fedora kernel: pci 0000:04:00.6: BAR 0 [mem 0xc04c0000-0xc04c7fff]
Apr 18 18:59:08 fedora kernel: pci 0000:04:00.6: enabling Extended Tags
Apr 18 18:59:08 fedora kernel: pci 0000:04:00.6: PME# supported from D0 D3hot D3cold
Apr 18 18:59:08 fedora kernel: pci 0000:00:08.1: PCI bridge to [bus 04]
Apr 18 18:59:08 fedora kernel: pci 0000:05:00.0: [1022:1505] type 00 class 0x0c0330 PCIe Endpoint
Apr 18 18:59:08 fedora kernel: pci 0000:05:00.0: BAR 0 [mem 0xc0000000-0xc00fffff 64bit]
Apr 18 18:59:08 fedora kernel: pci 0000:05:00.0: enabling Extended Tags
Apr 18 18:59:08 fedora kernel: pci 0000:05:00.0: PME# supported from D0 D3hot D3cold
Apr 18 18:59:08 fedora kernel: pci 0000:00:08.3: PCI bridge to [bus 05]
Apr 18 18:59:08 fedora kernel: ACPI Error: Needed [Integer/String/Buffer], found [Region] (____ptrval____) (20250807/exresop-469)
Apr 18 18:59:08 fedora kernel: ACPI Error: AE_AML_OPERAND_TYPE, While resolving operands for [LEqual] (20250807/dswexec-433)
Apr 18 18:59:08 fedora kernel: ACPI Error: Aborting method \_SB.PCI0.GPP2.WLAN._STA due to previous error (AE_AML_OPERAND_TYPE) (20250807/psparse-529)
Apr 18 18:59:08 fedora kernel: ACPI: PCI: Interrupt link LNKA configured for IRQ 0
Apr 18 18:59:08 fedora kernel: ACPI: PCI: Interrupt link LNKB configured for IRQ 0
Apr 18 18:59:08 fedora kernel: ACPI: PCI: Interrupt link LNKC configured for IRQ 0
Apr 18 18:59:08 fedora kernel: ACPI: PCI: Interrupt link LNKD configured for IRQ 0
Apr 18 18:59:08 fedora kernel: ACPI: PCI: Interrupt link LNKE configured for IRQ 0
Apr 18 18:59:08 fedora kernel: ACPI: PCI: Interrupt link LNKF configured for IRQ 0
Apr 18 18:59:08 fedora kernel: ACPI: PCI: Interrupt link LNKG configured for IRQ 0
Apr 18 18:59:08 fedora kernel: ACPI: PCI: Interrupt link LNKH configured for IRQ 0
Apr 18 18:59:08 fedora kernel: Low-power S0 idle used by default for system suspend
Apr 18 18:59:08 fedora kernel: ACPI: EC: interrupt unblocked
Apr 18 18:59:08 fedora kernel: ACPI: EC: event unblocked
Apr 18 18:59:08 fedora kernel: ACPI: EC: EC_CMD/EC_SC=0x66, EC_DATA=0x62
Apr 18 18:59:08 fedora kernel: ACPI: EC: GPE=0x9
Apr 18 18:59:08 fedora kernel: ACPI: \_SB_.PCI0.LPC0.EC0_: Boot DSDT EC initialization complete
Apr 18 18:59:08 fedora kernel: ACPI: \_SB_.PCI0.LPC0.EC0_: EC: Used to handle transactions and events
Apr 18 18:59:08 fedora kernel: iommu: Default domain type: Translated
Apr 18 18:59:08 fedora kernel: iommu: DMA domain TLB invalidation policy: lazy mode
Apr 18 18:59:08 fedora kernel: SCSI subsystem initialized
Apr 18 18:59:08 fedora kernel: libata version 3.00 loaded.
Apr 18 18:59:08 fedora kernel: ACPI: bus type USB registered
Apr 18 18:59:08 fedora kernel: usbcore: registered new interface driver usbfs
Apr 18 18:59:08 fedora kernel: usbcore: registered new interface driver hub
Apr 18 18:59:08 fedora kernel: usbcore: registered new device driver usb
Apr 18 18:59:08 fedora kernel: ACPI Error: Needed [Integer/String/Buffer], found [Region] (____ptrval____) (20250807/exresop-469)
Apr 18 18:59:08 fedora kernel: ACPI Error: AE_AML_OPERAND_TYPE, While resolving operands for [LEqual] (20250807/dswexec-433)
Apr 18 18:59:08 fedora kernel: ACPI Error: Aborting method \_SB.PCI0.GPP2.WLAN._STA due to previous error (AE_AML_OPERAND_TYPE) (20250807/psparse-529)
Apr 18 18:59:08 fedora kernel: i2c_designware AMDI0010:00: [Firmware Bug]: DSDT uses known not-working I2C bus speed 400000, forcing it to 100000
Apr 18 18:59:08 fedora kernel: ACPI Error: Needed [Integer/String/Buffer], found [Region] (____ptrval____) (20250807/exresop-469)
Apr 18 18:59:08 fedora kernel: ACPI Error: AE_AML_OPERAND_TYPE, While resolving operands for [LEqual] (20250807/dswexec-433)
Apr 18 18:59:08 fedora kernel: ACPI Error: Aborting method \_SB.PCI0.GPP2.WLAN._STA due to previous error (AE_AML_OPERAND_TYPE) (20250807/psparse-529)
Apr 18 18:59:08 fedora kernel: ACPI Error: Needed [Integer/String/Buffer], found [Region] (____ptrval____) (20250807/exresop-469)
Apr 18 18:59:08 fedora kernel: ACPI Error: AE_AML_OPERAND_TYPE, While resolving operands for [LEqual] (20250807/dswexec-433)
Apr 18 18:59:08 fedora kernel: ACPI Error: Aborting method \_SB.PCI0.GPP2.WLAN._STA due to previous error (AE_AML_OPERAND_TYPE) (20250807/psparse-529)
Apr 18 18:59:08 fedora kernel: ACPI Error: Needed [Integer/String/Buffer], found [Region] (____ptrval____) (20250807/exresop-469)
Apr 18 18:59:08 fedora kernel: ACPI Error: AE_AML_OPERAND_TYPE, While resolving operands for [LEqual] (20250807/dswexec-433)
Apr 18 18:59:08 fedora kernel: ACPI Error: Aborting method \_SB.PCI0.GPP2.WLAN._STA due to previous error (AE_AML_OPERAND_TYPE) (20250807/psparse-529)
Apr 18 18:59:08 fedora kernel: pps_core: LinuxPPS API ver. 1 registered
Apr 18 18:59:08 fedora kernel: pps_core: Software ver. 5.3.6 - Copyright 2005-2007 Rodolfo Giometti <giometti@linux.it>
Apr 18 18:59:08 fedora kernel: PTP clock support registered
Apr 18 18:59:08 fedora kernel: EDAC MC: Ver: 3.0.0
Apr 18 18:59:08 fedora kernel: efivars: Registered efivars operations
Apr 18 18:59:08 fedora kernel: NetLabel: Initializing
Apr 18 18:59:08 fedora kernel: NetLabel:  domain hash size = 128
Apr 18 18:59:08 fedora kernel: NetLabel:  protocols = UNLABELED CIPSOv4 CALIPSO
Apr 18 18:59:08 fedora kernel: NetLabel:  unlabeled traffic allowed by default
Apr 18 18:59:08 fedora kernel: mctp: management component transport protocol core
Apr 18 18:59:08 fedora kernel: NET: Registered PF_MCTP protocol family
Apr 18 18:59:08 fedora kernel: PCI: Using ACPI for IRQ routing
Apr 18 18:59:08 fedora kernel: PCI: pci_cache_line_size set to 64 bytes
Apr 18 18:59:08 fedora kernel: e820: reserve RAM buffer [mem 0x09c00000-0x0bffffff]
Apr 18 18:59:08 fedora kernel: e820: reserve RAM buffer [mem 0x09f00000-0x0bffffff]
Apr 18 18:59:08 fedora kernel: e820: reserve RAM buffer [mem 0xb10f6000-0xb3ffffff]
Apr 18 18:59:08 fedora kernel: e820: reserve RAM buffer [mem 0xb1b41000-0xb3ffffff]
Apr 18 18:59:08 fedora kernel: e820: reserve RAM buffer [mem 0xb587e000-0xb7ffffff]
Apr 18 18:59:08 fedora kernel: e820: reserve RAM buffer [mem 0xbcff7000-0xbfffffff]
Apr 18 18:59:08 fedora kernel: e820: reserve RAM buffer [mem 0xbd000000-0xbfffffff]
Apr 18 18:59:08 fedora kernel: e820: reserve RAM buffer [mem 0x1be340000-0x1bfffffff]
Apr 18 18:59:08 fedora kernel: pci 0000:04:00.0: vgaarb: setting as boot VGA device
Apr 18 18:59:08 fedora kernel: pci 0000:04:00.0: vgaarb: bridge control possible
Apr 18 18:59:08 fedora kernel: pci 0000:04:00.0: vgaarb: VGA device added: decodes=io+mem,owns=none,locks=none
Apr 18 18:59:08 fedora kernel: vgaarb: loaded
Apr 18 18:59:08 fedora kernel: hpet0: at MMIO 0xfed00000, IRQs 2, 8, 0
Apr 18 18:59:08 fedora kernel: hpet0: 3 comparators, 32-bit 14.318180 MHz counter
Apr 18 18:59:08 fedora kernel: clocksource: Switched to clocksource hpet
Apr 18 18:59:08 fedora kernel: VFS: Disk quotas dquot_6.6.0
Apr 18 18:59:08 fedora kernel: VFS: Dquot-cache hash table entries: 512 (order 0, 4096 bytes)
Apr 18 18:59:08 fedora kernel: pnp: PnP ACPI init
Apr 18 18:59:08 fedora kernel: system 00:00: [mem 0xfec00000-0xfec01fff] could not be reserved
Apr 18 18:59:08 fedora kernel: system 00:00: [mem 0xfee00000-0xfee00fff] has been reserved
Apr 18 18:59:08 fedora kernel: system 00:00: [mem 0xe0000000-0xefffffff] has been reserved
Apr 18 18:59:08 fedora kernel: ACPI Error: Needed [Integer/String/Buffer], found [Region] 000000006073c846 (20250807/exresop-469)
Apr 18 18:59:08 fedora kernel: ACPI Error: AE_AML_OPERAND_TYPE, While resolving operands for [LEqual] (20250807/dswexec-433)
Apr 18 18:59:08 fedora kernel: ACPI Error: Aborting method \_SB.PCI0.GPP2.WLAN._STA due to previous error (AE_AML_OPERAND_TYPE) (20250807/psparse-529)
Apr 18 18:59:08 fedora kernel: ACPI Error: Method execution failed \_SB.PCI0.GPP2.WLAN._STA due to previous error (AE_AML_OPERAND_TYPE) (20250807/uteval-68)
Apr 18 18:59:08 fedora kernel: system 00:03: [io  0x0400-0x04cf] has been reserved
Apr 18 18:59:08 fedora kernel: system 00:03: [io  0x04d0-0x04d1] has been reserved
Apr 18 18:59:08 fedora kernel: system 00:03: [io  0x04d6] has been reserved
Apr 18 18:59:08 fedora kernel: system 00:03: [io  0x0c00-0x0c01] has been reserved
Apr 18 18:59:08 fedora kernel: system 00:03: [io  0x0c14] has been reserved
Apr 18 18:59:08 fedora kernel: system 00:03: [io  0x0c50-0x0c52] has been reserved
Apr 18 18:59:08 fedora kernel: system 00:03: [io  0x0c6c] has been reserved
Apr 18 18:59:08 fedora kernel: system 00:03: [io  0x0c6f] has been reserved
Apr 18 18:59:08 fedora kernel: system 00:03: [io  0x0cd0-0x0cdb] has been reserved
Apr 18 18:59:08 fedora kernel: system 00:04: [mem 0x000e0000-0x000fffff] could not be reserved
Apr 18 18:59:08 fedora kernel: system 00:04: [mem 0xff000000-0xffffffff] has been reserved
Apr 18 18:59:08 fedora kernel: system 00:04: [mem 0xffffffe0-0xffffffff] has been reserved
Apr 18 18:59:08 fedora kernel: system 00:04: [mem 0xfed00000-0xfed003ff] has been reserved
Apr 18 18:59:08 fedora kernel: system 00:04: [mem 0xfed61000-0xfed613ff] has been reserved
Apr 18 18:59:08 fedora kernel: system 00:04: [mem 0xfed80000-0xfed80fff] has been reserved
Apr 18 18:59:08 fedora kernel: pnp: PnP ACPI: found 5 devices
Apr 18 18:59:08 fedora kernel: clocksource: acpi_pm: mask: 0xffffff max_cycles: 0xffffff, max_idle_ns: 2085701024 ns
Apr 18 18:59:08 fedora kernel: NET: Registered PF_INET protocol family
Apr 18 18:59:08 fedora kernel: IP idents hash table entries: 131072 (order: 8, 1048576 bytes, linear)
Apr 18 18:59:08 fedora kernel: tcp_listen_portaddr_hash hash table entries: 4096 (order: 4, 65536 bytes, linear)
Apr 18 18:59:08 fedora kernel: Table-perturb hash table entries: 65536 (order: 6, 262144 bytes, linear)
Apr 18 18:59:08 fedora kernel: TCP established hash table entries: 65536 (order: 7, 524288 bytes, linear)
Apr 18 18:59:08 fedora kernel: TCP bind hash table entries: 65536 (order: 9, 2097152 bytes, linear)
Apr 18 18:59:08 fedora kernel: TCP: Hash tables configured (established 65536 bind 65536)
Apr 18 18:59:08 fedora kernel: MPTCP token hash table entries: 8192 (order: 6, 196608 bytes, linear)
Apr 18 18:59:08 fedora kernel: UDP hash table entries: 4096 (order: 6, 262144 bytes, linear)
Apr 18 18:59:08 fedora kernel: UDP-Lite hash table entries: 4096 (order: 6, 262144 bytes, linear)
Apr 18 18:59:08 fedora kernel: NET: Registered PF_UNIX/PF_LOCAL protocol family
Apr 18 18:59:08 fedora kernel: NET: Registered PF_XDP protocol family
Apr 18 18:59:08 fedora kernel: pci 0000:00:02.2: PCI bridge to [bus 01]
Apr 18 18:59:08 fedora kernel: pci 0000:00:02.2:   bridge window [mem 0xc0600000-0xc06fffff]
Apr 18 18:59:08 fedora kernel: pci 0000:00:02.3: PCI bridge to [bus 02]
Apr 18 18:59:08 fedora kernel: pci 0000:00:02.3:   bridge window [mem 0x280200000-0x2803fffff 64bit pref]
Apr 18 18:59:08 fedora kernel: pci 0000:00:02.4: PCI bridge to [bus 03]
Apr 18 18:59:08 fedora kernel: pci 0000:00:02.4:   bridge window [mem 0xc0500000-0xc05fffff]
Apr 18 18:59:08 fedora kernel: pci 0000:00:08.1: PCI bridge to [bus 04]
Apr 18 18:59:08 fedora kernel: pci 0000:00:08.1:   bridge window [io  0x1000-0x1fff]
Apr 18 18:59:08 fedora kernel: pci 0000:00:08.1:   bridge window [mem 0xc0100000-0xc04fffff]
Apr 18 18:59:08 fedora kernel: pci 0000:00:08.1:   bridge window [mem 0x270000000-0x2801fffff 64bit pref]
Apr 18 18:59:08 fedora kernel: pci 0000:00:08.3: PCI bridge to [bus 05]
Apr 18 18:59:08 fedora kernel: pci 0000:00:08.3:   bridge window [mem 0xc0000000-0xc00fffff]
Apr 18 18:59:08 fedora kernel: pci_bus 0000:00: resource 4 [mem 0x000a0000-0x000effff window]
Apr 18 18:59:08 fedora kernel: pci_bus 0000:00: resource 5 [mem 0xc0000000-0xdfffffff window]
Apr 18 18:59:08 fedora kernel: pci_bus 0000:00: resource 6 [mem 0xf0000000-0xfdbfffff window]
Apr 18 18:59:08 fedora kernel: pci_bus 0000:00: resource 7 [mem 0x240000000-0xffffffffff window]
Apr 18 18:59:08 fedora kernel: pci_bus 0000:00: resource 8 [io  0x0000-0x0cf7 window]
Apr 18 18:59:08 fedora kernel: pci_bus 0000:00: resource 9 [io  0x0d00-0xffff window]
Apr 18 18:59:08 fedora kernel: pci_bus 0000:01: resource 1 [mem 0xc0600000-0xc06fffff]
Apr 18 18:59:08 fedora kernel: pci_bus 0000:02: resource 2 [mem 0x280200000-0x2803fffff 64bit pref]
Apr 18 18:59:08 fedora kernel: pci_bus 0000:03: resource 1 [mem 0xc0500000-0xc05fffff]
Apr 18 18:59:08 fedora kernel: pci_bus 0000:04: resource 0 [io  0x1000-0x1fff]
Apr 18 18:59:08 fedora kernel: pci_bus 0000:04: resource 1 [mem 0xc0100000-0xc04fffff]
Apr 18 18:59:08 fedora kernel: pci_bus 0000:04: resource 2 [mem 0x270000000-0x2801fffff 64bit pref]
Apr 18 18:59:08 fedora kernel: pci_bus 0000:05: resource 1 [mem 0xc0000000-0xc00fffff]
Apr 18 18:59:08 fedora kernel: pci 0000:04:00.1: D0 power state depends on 0000:04:00.0
Apr 18 18:59:08 fedora kernel: PCI: CLS 32 bytes, default 64
Apr 18 18:59:08 fedora kernel: pci 0000:00:00.2: AMD-Vi: IOMMU performance counters supported
Apr 18 18:59:08 fedora kernel: Trying to unpack rootfs image as initramfs...
Apr 18 18:59:08 fedora kernel: pci 0000:00:01.0: Adding to iommu group 0
Apr 18 18:59:08 fedora kernel: pci 0000:00:02.0: Adding to iommu group 1
Apr 18 18:59:08 fedora kernel: pci 0000:00:02.2: Adding to iommu group 2
Apr 18 18:59:08 fedora kernel: pci 0000:00:02.3: Adding to iommu group 3
Apr 18 18:59:08 fedora kernel: pci 0000:00:02.4: Adding to iommu group 4
Apr 18 18:59:08 fedora kernel: pci 0000:00:08.0: Adding to iommu group 5
Apr 18 18:59:08 fedora kernel: pci 0000:00:08.1: Adding to iommu group 6
Apr 18 18:59:08 fedora kernel: pci 0000:00:08.3: Adding to iommu group 7
Apr 18 18:59:08 fedora kernel: pci 0000:00:14.0: Adding to iommu group 8
Apr 18 18:59:08 fedora kernel: pci 0000:00:14.3: Adding to iommu group 8
Apr 18 18:59:08 fedora kernel: pci 0000:00:18.0: Adding to iommu group 9
Apr 18 18:59:08 fedora kernel: pci 0000:00:18.1: Adding to iommu group 9
Apr 18 18:59:08 fedora kernel: pci 0000:00:18.2: Adding to iommu group 9
Apr 18 18:59:08 fedora kernel: pci 0000:00:18.3: Adding to iommu group 9
Apr 18 18:59:08 fedora kernel: pci 0000:00:18.4: Adding to iommu group 9
Apr 18 18:59:08 fedora kernel: pci 0000:00:18.5: Adding to iommu group 9
Apr 18 18:59:08 fedora kernel: pci 0000:00:18.6: Adding to iommu group 9
Apr 18 18:59:08 fedora kernel: pci 0000:00:18.7: Adding to iommu group 9
Apr 18 18:59:08 fedora kernel: pci 0000:01:00.0: Adding to iommu group 10
Apr 18 18:59:08 fedora kernel: pci 0000:02:00.0: Adding to iommu group 11
Apr 18 18:59:08 fedora kernel: pci 0000:03:00.0: Adding to iommu group 12
Apr 18 18:59:08 fedora kernel: pci 0000:04:00.0: Adding to iommu group 13
Apr 18 18:59:08 fedora kernel: pci 0000:04:00.1: Adding to iommu group 14
Apr 18 18:59:08 fedora kernel: pci 0000:04:00.2: Adding to iommu group 15
Apr 18 18:59:08 fedora kernel: pci 0000:04:00.3: Adding to iommu group 16
Apr 18 18:59:08 fedora kernel: pci 0000:04:00.4: Adding to iommu group 17
Apr 18 18:59:08 fedora kernel: pci 0000:04:00.5: Adding to iommu group 18
Apr 18 18:59:08 fedora kernel: pci 0000:04:00.6: Adding to iommu group 19
Apr 18 18:59:08 fedora kernel: pci 0000:05:00.0: Adding to iommu group 20
Apr 18 18:59:08 fedora kernel: AMD-Vi: Extended features (0x246577efa2254afa, 0x0): PPR NX GT [5] IA GA PC GA_vAPIC
Apr 18 18:59:08 fedora kernel: AMD-Vi: Interrupt remapping enabled
Apr 18 18:59:08 fedora kernel: AMD-Vi: Virtual APIC enabled
Apr 18 18:59:08 fedora kernel: PCI-DMA: Using software bounce buffering for IO (SWIOTLB)
Apr 18 18:59:08 fedora kernel: software IO TLB: mapped [mem 0x00000000ac265000-0x00000000b0265000] (64MB)
Apr 18 18:59:08 fedora kernel: LVT offset 0 assigned for vector 0x400
Apr 18 18:59:08 fedora kernel: perf: AMD IBS detected (0x000003ff)
Apr 18 18:59:08 fedora kernel: amd_uncore: 4 amd_df counters detected
Apr 18 18:59:08 fedora kernel: amd_uncore: 6 amd_l3 counters detected
Apr 18 18:59:08 fedora kernel: perf/amd_iommu: Detected AMD IOMMU #0 (2 banks, 4 counters/bank).
Apr 18 18:59:08 fedora kernel: Initialise system trusted keyrings
Apr 18 18:59:08 fedora kernel: Key type blacklist registered
Apr 18 18:59:08 fedora kernel: workingset: timestamp_bits=36 max_order=21 bucket_order=0
Apr 18 18:59:08 fedora kernel: integrity: Platform Keyring initialized
Apr 18 18:59:08 fedora kernel: integrity: Machine keyring initialized
Apr 18 18:59:08 fedora kernel: cryptd: max_cpu_qlen set to 1000
Apr 18 18:59:08 fedora kernel: NET: Registered PF_ALG protocol family
Apr 18 18:59:08 fedora kernel: xor: automatically using best checksumming function   avx
Apr 18 18:59:08 fedora kernel: Key type asymmetric registered
Apr 18 18:59:08 fedora kernel: Asymmetric key parser 'x509' registered
Apr 18 18:59:08 fedora kernel: Block layer SCSI generic (bsg) driver version 0.4 loaded (major 244)
Apr 18 18:59:08 fedora kernel: io scheduler mq-deadline registered
Apr 18 18:59:08 fedora kernel: io scheduler kyber registered
Apr 18 18:59:08 fedora kernel: io scheduler bfq registered
Apr 18 18:59:08 fedora kernel: atomic64_test: passed for x86-64 platform with CX8 and with SSE
Apr 18 18:59:08 fedora kernel: pcieport 0000:00:02.2: PME: Signaling with IRQ 34
Apr 18 18:59:08 fedora kernel: pcieport 0000:00:02.3: PME: Signaling with IRQ 35
Apr 18 18:59:08 fedora kernel: pcieport 0000:00:02.4: PME: Signaling with IRQ 36
Apr 18 18:59:08 fedora kernel: pcieport 0000:00:08.1: PME: Signaling with IRQ 37
Apr 18 18:59:08 fedora kernel: pcieport 0000:00:08.3: PME: Signaling with IRQ 38
Apr 18 18:59:08 fedora kernel: ACPI: AC: AC Adapter [ADP0] (off-line)
Apr 18 18:59:08 fedora kernel: input: Lid Switch as /devices/LNXSYSTM:00/LNXSYBUS:00/PNP0C0D:00/input/input0
Apr 18 18:59:08 fedora kernel: ACPI: button: Lid Switch [LID]
Apr 18 18:59:08 fedora kernel: input: Power Button as /devices/LNXSYSTM:00/LNXSYBUS:00/PNP0C0C:00/input/input1
Apr 18 18:59:08 fedora kernel: ACPI: button: Power Button [PWRB]
Apr 18 18:59:08 fedora kernel: Monitor-Mwait will be used to enter C-1 state
Apr 18 18:59:08 fedora kernel: Estimated ratio of average max frequency by base frequency (times 1024): 1313
Apr 18 18:59:08 fedora kernel: thermal LNXTHERM:00: registered as thermal_zone0
Apr 18 18:59:08 fedora kernel: ACPI: thermal: Thermal Zone [TZ01] (39 C)
Apr 18 18:59:08 fedora kernel: Serial: 8250/16550 driver, 32 ports, IRQ sharing enabled
Apr 18 18:59:08 fedora kernel: Non-volatile memory driver v1.3
Apr 18 18:59:08 fedora kernel: Linux agpgart interface v0.103
Apr 18 18:59:08 fedora kernel: ACPI: battery: Slot [BAT0] (battery present)
Apr 18 18:59:08 fedora kernel: tpm_crb MSFT0101:00: Disabling hwrng
Apr 18 18:59:08 fedora kernel: ACPI: bus type drm_connector registered
Apr 18 18:59:08 fedora kernel: CAN device driver interface
Apr 18 18:59:08 fedora kernel: xhci_hcd 0000:04:00.3: xHCI Host Controller
Apr 18 18:59:08 fedora kernel: xhci_hcd 0000:04:00.3: new USB bus registered, assigned bus number 1
Apr 18 18:59:08 fedora kernel: xhci_hcd 0000:04:00.3: hcc params 0x0120ffc5 hci version 0x120 quirks 0x0000000200000010
Apr 18 18:59:08 fedora kernel: xhci_hcd 0000:04:00.3: xHCI Host Controller
Apr 18 18:59:08 fedora kernel: xhci_hcd 0000:04:00.3: new USB bus registered, assigned bus number 2
Apr 18 18:59:08 fedora kernel: xhci_hcd 0000:04:00.3: Host supports USB 3.1 Enhanced SuperSpeed
Apr 18 18:59:08 fedora kernel: usb usb1: New USB device found, idVendor=1d6b, idProduct=0002, bcdDevice= 6.19
Apr 18 18:59:08 fedora kernel: usb usb1: New USB device strings: Mfr=3, Product=2, SerialNumber=1
Apr 18 18:59:08 fedora kernel: usb usb1: Product: xHCI Host Controller
Apr 18 18:59:08 fedora kernel: usb usb1: Manufacturer: Linux 6.19.12-200.fc43.x86_64 xhci-hcd
Apr 18 18:59:08 fedora kernel: usb usb1: SerialNumber: 0000:04:00.3
Apr 18 18:59:08 fedora kernel: hub 1-0:1.0: USB hub found
Apr 18 18:59:08 fedora kernel: hub 1-0:1.0: 2 ports detected
Apr 18 18:59:08 fedora kernel: usb usb2: We don't know the algorithms for LPM for this host, disabling LPM.
Apr 18 18:59:08 fedora kernel: usb usb2: New USB device found, idVendor=1d6b, idProduct=0003, bcdDevice= 6.19
Apr 18 18:59:08 fedora kernel: usb usb2: New USB device strings: Mfr=3, Product=2, SerialNumber=1
Apr 18 18:59:08 fedora kernel: usb usb2: Product: xHCI Host Controller
Apr 18 18:59:08 fedora kernel: usb usb2: Manufacturer: Linux 6.19.12-200.fc43.x86_64 xhci-hcd
Apr 18 18:59:08 fedora kernel: usb usb2: SerialNumber: 0000:04:00.3
Apr 18 18:59:08 fedora kernel: hub 2-0:1.0: USB hub found
Apr 18 18:59:08 fedora kernel: hub 2-0:1.0: 1 port detected
Apr 18 18:59:08 fedora kernel: xhci_hcd 0000:04:00.4: xHCI Host Controller
Apr 18 18:59:08 fedora kernel: xhci_hcd 0000:04:00.4: new USB bus registered, assigned bus number 3
Apr 18 18:59:08 fedora kernel: xhci_hcd 0000:04:00.4: hcc params 0x0120ffc5 hci version 0x120 quirks 0x0000000200000010
Apr 18 18:59:08 fedora kernel: xhci_hcd 0000:04:00.4: xHCI Host Controller
Apr 18 18:59:08 fedora kernel: xhci_hcd 0000:04:00.4: new USB bus registered, assigned bus number 4
Apr 18 18:59:08 fedora kernel: xhci_hcd 0000:04:00.4: Host supports USB 3.1 Enhanced SuperSpeed
Apr 18 18:59:08 fedora kernel: usb usb3: New USB device found, idVendor=1d6b, idProduct=0002, bcdDevice= 6.19
Apr 18 18:59:08 fedora kernel: usb usb3: New USB device strings: Mfr=3, Product=2, SerialNumber=1
Apr 18 18:59:08 fedora kernel: usb usb3: Product: xHCI Host Controller
Apr 18 18:59:08 fedora kernel: usb usb3: Manufacturer: Linux 6.19.12-200.fc43.x86_64 xhci-hcd
Apr 18 18:59:08 fedora kernel: usb usb3: SerialNumber: 0000:04:00.4
Apr 18 18:59:08 fedora kernel: hub 3-0:1.0: USB hub found
Apr 18 18:59:08 fedora kernel: hub 3-0:1.0: 3 ports detected
Apr 18 18:59:08 fedora kernel: usb usb4: We don't know the algorithms for LPM for this host, disabling LPM.
Apr 18 18:59:08 fedora kernel: usb usb4: New USB device found, idVendor=1d6b, idProduct=0003, bcdDevice= 6.19
Apr 18 18:59:08 fedora kernel: usb usb4: New USB device strings: Mfr=3, Product=2, SerialNumber=1
Apr 18 18:59:08 fedora kernel: usb usb4: Product: xHCI Host Controller
Apr 18 18:59:08 fedora kernel: usb usb4: Manufacturer: Linux 6.19.12-200.fc43.x86_64 xhci-hcd
Apr 18 18:59:08 fedora kernel: usb usb4: SerialNumber: 0000:04:00.4
Apr 18 18:59:08 fedora kernel: hub 4-0:1.0: USB hub found
Apr 18 18:59:08 fedora kernel: hub 4-0:1.0: 2 ports detected
Apr 18 18:59:08 fedora kernel: xhci_hcd 0000:05:00.0: xHCI Host Controller
Apr 18 18:59:08 fedora kernel: xhci_hcd 0000:05:00.0: new USB bus registered, assigned bus number 5
Apr 18 18:59:08 fedora kernel: xhci_hcd 0000:05:00.0: USB3 root hub has no ports
Apr 18 18:59:08 fedora kernel: xhci_hcd 0000:05:00.0: hcc params 0x0110ffc5 hci version 0x120 quirks 0x0000000200000010
Apr 18 18:59:08 fedora kernel: usb usb5: New USB device found, idVendor=1d6b, idProduct=0002, bcdDevice= 6.19
Apr 18 18:59:08 fedora kernel: usb usb5: New USB device strings: Mfr=3, Product=2, SerialNumber=1
Apr 18 18:59:08 fedora kernel: usb usb5: Product: xHCI Host Controller
Apr 18 18:59:08 fedora kernel: usb usb5: Manufacturer: Linux 6.19.12-200.fc43.x86_64 xhci-hcd
Apr 18 18:59:08 fedora kernel: usb usb5: SerialNumber: 0000:05:00.0
Apr 18 18:59:08 fedora kernel: hub 5-0:1.0: USB hub found
Apr 18 18:59:08 fedora kernel: hub 5-0:1.0: 1 port detected
Apr 18 18:59:08 fedora kernel: usbcore: registered new interface driver usbserial_generic
Apr 18 18:59:08 fedora kernel: usbserial: USB Serial support registered for generic
Apr 18 18:59:08 fedora kernel: i8042: PNP: PS/2 Controller [PNP0303:KBC0] at 0x60,0x64 irq 1
Apr 18 18:59:08 fedora kernel: i8042: PNP: PS/2 appears to have AUX port disabled, if this is incorrect please boot with i8042.nopnp
Apr 18 18:59:08 fedora kernel: serio: i8042 KBD port at 0x60,0x64 irq 1
Apr 18 18:59:08 fedora kernel: mousedev: PS/2 mouse device common for all mice
Apr 18 18:59:08 fedora kernel: rtc_cmos 00:01: RTC can wake from S4
Apr 18 18:59:08 fedora kernel: rtc_cmos 00:01: registered as rtc0
Apr 18 18:59:08 fedora kernel: rtc_cmos 00:01: setting system clock to 2026-04-18T16:59:07 UTC (1776531547)
Apr 18 18:59:08 fedora kernel: rtc_cmos 00:01: alarms up to one month, y3k, 114 bytes nvram
Apr 18 18:59:08 fedora kernel: device-mapper: core: CONFIG_IMA_DISABLE_HTABLE is disabled. Duplicate IMA measurements will not be recorded in the IMA log.
Apr 18 18:59:08 fedora kernel: device-mapper: uevent: version 1.0.3
Apr 18 18:59:08 fedora kernel: device-mapper: ioctl: 4.50.0-ioctl (2025-04-28) initialised: dm-devel@lists.linux.dev
Apr 18 18:59:08 fedora kernel: input: AT Translated Set 2 keyboard as /devices/platform/i8042/serio0/input/input2
Apr 18 18:59:08 fedora kernel: simple-framebuffer simple-framebuffer.0: [drm] Registered 1 planes with drm panic
Apr 18 18:59:08 fedora kernel: [drm] Initialized simpledrm 1.0.0 for simple-framebuffer.0 on minor 0
Apr 18 18:59:08 fedora kernel: fbcon: Deferring console take-over
Apr 18 18:59:08 fedora kernel: simple-framebuffer simple-framebuffer.0: [drm] fb0: simpledrmdrmfb frame buffer device
Apr 18 18:59:08 fedora kernel: ccp 0000:04:00.2: enabling device (0000 -> 0002)
Apr 18 18:59:08 fedora kernel: ccp 0000:04:00.2: tee enabled
Apr 18 18:59:08 fedora kernel: ccp 0000:04:00.2: psp enabled
Apr 18 18:59:08 fedora kernel: hid: raw HID events driver (C) Jiri Kosina
Apr 18 18:59:08 fedora kernel: usbcore: registered new interface driver usbhid
Apr 18 18:59:08 fedora kernel: usbhid: USB HID core driver
Apr 18 18:59:08 fedora kernel: drop_monitor: Initializing network drop monitor service
Apr 18 18:59:08 fedora kernel: Initializing XFRM netlink socket
Apr 18 18:59:08 fedora kernel: NET: Registered PF_INET6 protocol family
Apr 18 18:59:08 fedora kernel: Segment Routing with IPv6
Apr 18 18:59:08 fedora kernel: RPL Segment Routing with IPv6
Apr 18 18:59:08 fedora kernel: In-situ OAM (IOAM) with IPv6
Apr 18 18:59:08 fedora kernel: mip6: Mobile IPv6
Apr 18 18:59:08 fedora kernel: NET: Registered PF_PACKET protocol family
Apr 18 18:59:08 fedora kernel: can: controller area network core
Apr 18 18:59:08 fedora kernel: NET: Registered PF_CAN protocol family
Apr 18 18:59:08 fedora kernel: x86/amd: Previous system reset reason [0x00080800]: software wrote 0x6 to reset control register 0xCF9
Apr 18 18:59:08 fedora kernel: microcode: Current revision: 0x08a0000a
Apr 18 18:59:08 fedora kernel: microcode: Updated early from: 0x08a00009
Apr 18 18:59:08 fedora kernel: resctrl: L3 allocation detected
Apr 18 18:59:08 fedora kernel: resctrl: MB allocation detected
Apr 18 18:59:08 fedora kernel: resctrl: L3 monitoring detected
Apr 18 18:59:08 fedora kernel: IPI shorthand broadcast: enabled
Apr 18 18:59:08 fedora kernel: registered taskstats version 1
Apr 18 18:59:08 fedora kernel: Loading compiled-in X.509 certificates
Apr 18 18:59:08 fedora kernel: Loaded X.509 cert 'Fedora kernel signing key: 8dc4d0a3250d3af874887f8b565dd497c8b1fd83'
Apr 18 18:59:08 fedora kernel: Freeing initrd memory: 69420K
Apr 18 18:59:08 fedora kernel: Loaded X.509 cert 'Fedora IMA CA: a8a00c31663f853f9c6ff2564872e378af026b28'
Apr 18 18:59:08 fedora kernel: Demotion targets for Node 0: null
Apr 18 18:59:08 fedora kernel: page_owner is disabled
Apr 18 18:59:08 fedora kernel: Key type .fscrypt registered
Apr 18 18:59:08 fedora kernel: Key type fscrypt-provisioning registered
Apr 18 18:59:08 fedora kernel: Btrfs loaded, zoned=yes, fsverity=yes
Apr 18 18:59:08 fedora kernel: Key type big_key registered
Apr 18 18:59:08 fedora kernel: Key type trusted registered
Apr 18 18:59:08 fedora kernel: Key type encrypted registered
Apr 18 18:59:08 fedora kernel: Loading compiled-in module X.509 certificates
Apr 18 18:59:08 fedora kernel: Loaded X.509 cert 'Fedora kernel signing key: 8dc4d0a3250d3af874887f8b565dd497c8b1fd83'
Apr 18 18:59:08 fedora kernel: ima: Allocated hash algorithm: sha256
Apr 18 18:59:08 fedora kernel: audit: type=1807 audit(1776531547.655:2): action=measure func=KEXEC_KERNEL_CHECK res=1
Apr 18 18:59:08 fedora kernel: audit: type=1807 audit(1776531547.655:3): action=appraise func=POLICY_CHECK appraise_type=imasig res=1
Apr 18 18:59:08 fedora kernel: audit: type=1807 audit(1776531547.655:4): action=measure func=MODULE_CHECK res=1
Apr 18 18:59:08 fedora kernel: evm: Initialising EVM extended attributes:
Apr 18 18:59:08 fedora kernel: evm: security.selinux
Apr 18 18:59:08 fedora kernel: evm: security.SMACK64 (disabled)
Apr 18 18:59:08 fedora kernel: evm: security.SMACK64EXEC (disabled)
Apr 18 18:59:08 fedora kernel: evm: security.SMACK64TRANSMUTE (disabled)
Apr 18 18:59:08 fedora kernel: evm: security.SMACK64MMAP (disabled)
Apr 18 18:59:08 fedora kernel: evm: security.apparmor (disabled)
Apr 18 18:59:08 fedora kernel: evm: security.ima
Apr 18 18:59:08 fedora kernel: evm: security.capability
Apr 18 18:59:08 fedora kernel: evm: HMAC attrs: 0x1
Apr 18 18:59:08 fedora kernel: integrity: Loading X.509 certificate: UEFI:db
Apr 18 18:59:08 fedora kernel: integrity: Loaded X.509 cert 'Lenovo UEFI CA 2014: 4b91a68732eaefdd2c8ffffc6b027ec3449e9c8f'
Apr 18 18:59:08 fedora kernel: integrity: Loading X.509 certificate: UEFI:db
Apr 18 18:59:08 fedora kernel: integrity: Problem loading X.509 certificate -65
Apr 18 18:59:08 fedora kernel: integrity: Error adding keys to platform keyring UEFI:db
Apr 18 18:59:08 fedora kernel: integrity: Loading X.509 certificate: UEFI:db
Apr 18 18:59:08 fedora kernel: integrity: Loaded X.509 cert ': 0cdf06bc206000994fe6b7b24ea23425'
Apr 18 18:59:08 fedora kernel: integrity: Loading X.509 certificate: UEFI:db
Apr 18 18:59:08 fedora kernel: integrity: Loaded X.509 cert 'Microsoft Corporation UEFI CA 2011: 13adbf4309bd82709c8cd54f316ed522988a1bd4'
Apr 18 18:59:08 fedora kernel: integrity: Loading X.509 certificate: UEFI:db
Apr 18 18:59:08 fedora kernel: integrity: Loaded X.509 cert 'Microsoft Windows Production PCA 2011: a92902398e16c49778cd90f99e4f9ae17c55af53'
Apr 18 18:59:08 fedora kernel: integrity: Loading X.509 certificate: UEFI:db
Apr 18 18:59:08 fedora kernel: integrity: Loaded X.509 cert 'Microsoft Corporation: Windows UEFI CA 2023: aefc5fbbbe055d8f8daa585473499417ab5a5272'
Apr 18 18:59:08 fedora kernel: integrity: Loading X.509 certificate: UEFI:db
Apr 18 18:59:08 fedora kernel: integrity: Loaded X.509 cert 'Microsoft Option ROM UEFI CA 2023: 514fbf937fa46fb57bf07af8bed84b3b864b1711'
Apr 18 18:59:08 fedora kernel: integrity: Loading X.509 certificate: UEFI:db
Apr 18 18:59:08 fedora kernel: integrity: Loaded X.509 cert 'Microsoft UEFI CA 2023: 81aa6b3244c935bce0d6628af39827421e32497d'
Apr 18 18:59:08 fedora kernel: integrity: Loading X.509 certificate: UEFI:MokListRT (MOKvar table)
Apr 18 18:59:08 fedora kernel: integrity: Loading X.509 certificate: UEFI:MokListRT (MOKvar table)
Apr 18 18:59:08 fedora kernel: integrity: Loaded X.509 cert 'Red Hat, Inc.: fedoraca: b280c7ae6b884e0f4d2a0d8724c25eaf6c65c326'
Apr 18 18:59:08 fedora kernel: alg: No test for 842 (842-scomp)
Apr 18 18:59:08 fedora kernel: PM:   Magic number: 6:480:995
Apr 18 18:59:08 fedora kernel: memory memory38: hash matches
Apr 18 18:59:08 fedora kernel: RAS: Correctable Errors collector initialized.
Apr 18 18:59:08 fedora kernel: Lockdown: swapper/0: hibernation is restricted; see man kernel_lockdown.7
Apr 18 18:59:08 fedora kernel: Unstable clock detected, switching default tracing clock to "global"
If you want to keep using the local clock, then add:
"trace_clock=local"
on the kernel command line
Apr 18 18:59:08 fedora kernel: clk: Disabling unused clocks
Apr 18 18:59:08 fedora kernel: PM: genpd: Disabling unused power domains
Apr 18 18:59:08 fedora kernel: Freeing unused decrypted memory: 2028K
Apr 18 18:59:08 fedora kernel: Freeing unused kernel image (initmem) memory: 5200K
Apr 18 18:59:08 fedora kernel: Write protecting the kernel read-only data: 43008k
Apr 18 18:59:08 fedora kernel: Freeing unused kernel image (text/rodata gap) memory: 1976K
Apr 18 18:59:08 fedora kernel: Freeing unused kernel image (rodata/data gap) memory: 580K
Apr 18 18:59:08 fedora kernel: usb 1-2: new high-speed USB device number 2 using xhci_hcd
Apr 18 18:59:08 fedora kernel: usb 3-1: new high-speed USB device number 2 using xhci_hcd
Apr 18 18:59:08 fedora kernel: usb 5-1: new high-speed USB device number 2 using xhci_hcd
Apr 18 18:59:08 fedora kernel: x86/mm: Checked W+X mappings: passed, no W+X pages found.
Apr 18 18:59:08 fedora kernel: Run /init as init process
Apr 18 18:59:08 fedora kernel:   with arguments:
Apr 18 18:59:08 fedora kernel:     /init
Apr 18 18:59:08 fedora kernel:     rhgb
Apr 18 18:59:08 fedora kernel:   with environment:
Apr 18 18:59:08 fedora kernel:     HOME=/
Apr 18 18:59:08 fedora kernel:     TERM=linux
Apr 18 18:59:08 fedora kernel: usb 1-2: New USB device found, idVendor=0489, idProduct=e0cd, bcdDevice= 1.00
Apr 18 18:59:08 fedora kernel: usb 1-2: New USB device strings: Mfr=5, Product=6, SerialNumber=7
Apr 18 18:59:08 fedora kernel: usb 1-2: Product: Wireless_Device
Apr 18 18:59:08 fedora kernel: usb 1-2: Manufacturer: MediaTek Inc.
Apr 18 18:59:08 fedora kernel: usb 1-2: SerialNumber: 000000000
Apr 18 18:59:08 fedora kernel: usb 3-1: New USB device found, idVendor=18a5, idProduct=0250, bcdDevice= 2.00
Apr 18 18:59:08 fedora kernel: usb 3-1: New USB device strings: Mfr=1, Product=2, SerialNumber=3
Apr 18 18:59:08 fedora kernel: usb 3-1: Product: STORE N GO
Apr 18 18:59:08 fedora kernel: usb 3-1: Manufacturer: Verbatim
Apr 18 18:59:08 fedora kernel: usb 3-1: SerialNumber: 121070967730000C
Apr 18 18:59:08 fedora kernel: usb 5-1: New USB device found, idVendor=5986, idProduct=2160, bcdDevice=58.06
Apr 18 18:59:08 fedora kernel: usb 5-1: New USB device strings: Mfr=1, Product=2, SerialNumber=0
Apr 18 18:59:08 fedora kernel: usb 5-1: Product: Integrated Camera
Apr 18 18:59:08 fedora kernel: usb 5-1: Manufacturer: SunplusIT Inc
Apr 18 18:59:08 fedora systemd-journald[241]: Collecting audit messages is disabled.
Apr 18 18:59:08 fedora kernel: i2c_dev: i2c /dev entries driver
Apr 18 18:59:08 fedora kernel: usb 3-2: new full-speed USB device number 3 using xhci_hcd
Apr 18 18:59:08 fedora kernel: fuse: init (API version 7.45)
Apr 18 18:59:08 fedora systemd-journald[241]: Journal started
Apr 18 18:59:08 fedora systemd-journald[241]: Runtime Journal (/run/log/journal/2df50c6d6f3a4056a650041fe0855dc8) is 8M, max 114.6M, 106.6M free.
Apr 18 18:59:07 fedora systemd-vconsole-setup[244]: /usr/bin/setfont failed with a "system error" (EX_OSERR), ignoring.
Apr 18 18:59:07 fedora systemd-modules-load[242]: Inserted module 'i2c_dev'
Apr 18 18:59:08 fedora systemd-sysusers[255]: Creating group 'systemd-journal' with GID 190.
Apr 18 18:59:08 fedora systemd-sysusers[255]: Creating group 'tss' with GID 59.
Apr 18 18:59:08 fedora systemd-vconsole-setup[251]: setfont: ERROR kdfontop.c:212 put_font_kdfontop: Unable to load such font with such kernel version
Apr 18 18:59:08 fedora systemd-sysusers[255]: Creating user 'tss' (Account used for TPM access) with UID 59 and GID 59.
Apr 18 18:59:08 fedora systemd-vconsole-setup[244]: Configuration of first virtual console failed, ignoring remaining ones.
Apr 18 18:59:08 fedora systemd-modules-load[242]: Inserted module 'fuse'
Apr 18 18:59:08 fedora systemd-modules-load[242]: Module 'msr' is built in
Apr 18 18:59:08 fedora dracut-cmdline[280]: dracut-107-8.fc43
Apr 18 18:59:08 fedora dracut-cmdline[280]: Using kernel command line parameters:  rd.driver.pre=btrfs   BOOT_IMAGE=(hd1,gpt2)/vmlinuz-6.19.12-200.fc43.x86_64 root=UUID=49bc71f0-007a-40f9-a9c2-94a5c2f09479 ro rootflags=subvol=root rhgb quiet
Apr 18 18:59:08 fedora systemd-tmpfiles[284]: /usr/lib/tmpfiles.d/var.conf:14: Duplicate line for path "/var/log", ignoring.
Apr 18 18:59:08 fedora kernel: usb 3-2: New USB device found, idVendor=3151, idProduct=3020, bcdDevice= 0.02
Apr 18 18:59:08 fedora kernel: usb 3-2: New USB device strings: Mfr=1, Product=2, SerialNumber=0
Apr 18 18:59:08 fedora kernel: usb 3-2: Product: Wireless Device
Apr 18 18:59:08 fedora kernel: usb 3-2: Manufacturer: YICHIP
Apr 18 18:59:08 fedora kernel: input: YICHIP Wireless Device as /devices/pci0000:00/0000:00:08.1/0000:04:00.4/usb3/3-2/3-2:1.0/0003:3151:3020.0001/input/input3
Apr 18 18:59:08 fedora systemd-udevd[358]: Using default interface naming scheme 'v258'.
Apr 18 18:59:08 fedora kernel: hid-generic 0003:3151:3020.0001: input,hidraw0: USB HID v2.00 Keyboard [YICHIP Wireless Device] on usb-0000:04:00.4-2/input0
Apr 18 18:59:08 fedora kernel: input: YICHIP Wireless Device Mouse as /devices/pci0000:00/0000:00:08.1/0000:04:00.4/usb3/3-2/3-2:1.1/0003:3151:3020.0002/input/input4
Apr 18 18:59:08 fedora kernel: input: YICHIP Wireless Device System Control as /devices/pci0000:00/0000:00:08.1/0000:04:00.4/usb3/3-2/3-2:1.1/0003:3151:3020.0002/input/input5
Apr 18 18:59:08 fedora kernel: input: YICHIP Wireless Device Consumer Control as /devices/pci0000:00/0000:00:08.1/0000:04:00.4/usb3/3-2/3-2:1.1/0003:3151:3020.0002/input/input6
Apr 18 18:59:08 fedora kernel: hid-generic 0003:3151:3020.0002: input,hiddev96,hidraw1: USB HID v2.00 Mouse [YICHIP Wireless Device] on usb-0000:04:00.4-2/input1
Apr 18 18:59:08 fedora kernel: Key type psk registered
Apr 18 18:59:08 fedora kernel: ACPI: bus type thunderbolt registered
Apr 18 18:59:08 fedora kernel: sp5100_tco: SP5100/SB800 TCO WatchDog Timer Driver
Apr 18 18:59:08 fedora kernel: sp5100-tco sp5100-tco: Using 0xfeb00000 for watchdog MMIO address
Apr 18 18:59:08 fedora kernel: sp5100-tco sp5100-tco: initialized. heartbeat=60 sec (nowayout=0)
Apr 18 18:59:08 fedora systemd-vconsole-setup[413]: All allocated virtual consoles are busy, will not configure key mapping and font.
Apr 18 18:59:08 fedora kernel: input: ELAN06FA:00 04F3:32B9 Mouse as /devices/platform/AMDI0010:00/i2c-0/i2c-ELAN06FA:00/0018:04F3:32B9.0003/input/input8
Apr 18 18:59:08 fedora kernel: input: ELAN06FA:00 04F3:32B9 Touchpad as /devices/platform/AMDI0010:00/i2c-0/i2c-ELAN06FA:00/0018:04F3:32B9.0003/input/input10
Apr 18 18:59:08 fedora kernel: hid-generic 0018:04F3:32B9.0003: input,hidraw2: I2C HID v1.00 Mouse [ELAN06FA:00 04F3:32B9] on i2c-ELAN06FA:00
Apr 18 18:59:08 fedora kernel: ACPI: video: Video Device [VGA] (multi-head: yes  rom: no  post: no)
Apr 18 18:59:08 fedora kernel: input: Video Bus as /devices/LNXSYSTM:00/LNXSYBUS:00/PNP0A08:00/device:08/LNXVIDEO:00/input/input11
Apr 18 18:59:08 fedora kernel: sdhci: Secure Digital Host Controller Interface driver
Apr 18 18:59:08 fedora kernel: sdhci: Copyright(c) Pierre Ossman
Apr 18 18:59:08 fedora kernel: nvme 0000:01:00.0: platform quirk: setting simple suspend
Apr 18 18:59:08 fedora kernel: nvme nvme0: pci function 0000:01:00.0
Apr 18 18:59:08 fedora kernel: input: ELAN06FA:00 04F3:32B9 Mouse as /devices/platform/AMDI0010:00/i2c-0/i2c-ELAN06FA:00/0018:04F3:32B9.0003/input/input12
Apr 18 18:59:08 fedora kernel: input: ELAN06FA:00 04F3:32B9 Touchpad as /devices/platform/AMDI0010:00/i2c-0/i2c-ELAN06FA:00/0018:04F3:32B9.0003/input/input14
Apr 18 18:59:08 fedora kernel: hid-multitouch 0018:04F3:32B9.0003: input,hidraw2: I2C HID v1.00 Mouse [ELAN06FA:00 04F3:32B9] on i2c-ELAN06FA:00
Apr 18 18:59:08 fedora kernel: sdhci-pci 0000:03:00.0: SDHCI controller found [1217:8621] (rev 1)
Apr 18 18:59:08 fedora kernel: sdhci-pci 0000:03:00.0: enabling device (0000 -> 0002)
Apr 18 18:59:08 fedora kernel: mmc0: SDHCI controller on PCI [0000:03:00.0] using ADMA
Apr 18 18:59:08 fedora kernel: nvme nvme0: allocated 64 MiB host memory buffer (1 segment).
Apr 18 18:59:08 fedora kernel: nvme nvme0: 8/0/0 default/read/poll queues
Apr 18 18:59:08 fedora kernel:  nvme0n1: p1 p2 p3
Apr 18 18:59:08 fedora kernel: BTRFS: device label fedora devid 1 transid 455 /dev/nvme0n1p3 (259:3) scanned by mount (432)
Apr 18 18:59:08 fedora kernel: BTRFS info (device nvme0n1p3): first mount of filesystem 49bc71f0-007a-40f9-a9c2-94a5c2f09479
Apr 18 18:59:08 fedora kernel: BTRFS info (device nvme0n1p3): using crc32c (crc32c-lib) checksum algorithm
Apr 18 18:59:08 fedora kernel: BTRFS info (device nvme0n1p3): enabling ssd optimizations
Apr 18 18:59:08 fedora kernel: BTRFS info (device nvme0n1p3): turning on async discard
Apr 18 18:59:08 fedora kernel: BTRFS info (device nvme0n1p3): enabling free space tree
Apr 18 18:59:09 fedora kernel: typec port0: bound usb1-port1 (ops connector_ops)
Apr 18 18:59:09 fedora kernel: typec port0: bound usb2-port1 (ops connector_ops)
Apr 18 18:59:13 fedora kernel: amdgpu: Virtual CRAT table created for CPU
Apr 18 18:59:13 fedora kernel: amdgpu: Topology: Add CPU node
Apr 18 18:59:13 fedora kernel: amdgpu 0000:04:00.0: enabling device (0006 -> 0007)
Apr 18 18:59:13 fedora kernel: amdgpu 0000:04:00.0: amdgpu: initializing kernel modesetting (IP DISCOVERY 0x1002:0x1506 0x17AA:0x3C39 0xC1).
Apr 18 18:59:13 fedora kernel: amdgpu 0000:04:00.0: amdgpu: register mmio base: 0xC0400000
Apr 18 18:59:13 fedora kernel: amdgpu 0000:04:00.0: amdgpu: register mmio size: 524288
Apr 18 18:59:13 fedora kernel: amdgpu 0000:04:00.0: amdgpu: detected ip block number 0 <common_v1_0_0> (nv_common)
Apr 18 18:59:13 fedora kernel: amdgpu 0000:04:00.0: amdgpu: detected ip block number 1 <gmc_v10_0_0> (gmc_v10_0)
Apr 18 18:59:13 fedora kernel: amdgpu 0000:04:00.0: amdgpu: detected ip block number 2 <ih_v5_0_0> (navi10_ih)
Apr 18 18:59:13 fedora kernel: amdgpu 0000:04:00.0: amdgpu: detected ip block number 3 <psp_v13_0_0> (psp)
Apr 18 18:59:13 fedora kernel: amdgpu 0000:04:00.0: amdgpu: detected ip block number 4 <smu_v13_0_0> (smu)
Apr 18 18:59:13 fedora kernel: amdgpu 0000:04:00.0: amdgpu: detected ip block number 5 <dce_v1_0_0> (dm)
Apr 18 18:59:13 fedora kernel: amdgpu 0000:04:00.0: amdgpu: detected ip block number 6 <gfx_v10_0_0> (gfx_v10_0)
Apr 18 18:59:13 fedora kernel: amdgpu 0000:04:00.0: amdgpu: detected ip block number 7 <sdma_v5_2_0> (sdma_v5_2)
Apr 18 18:59:13 fedora kernel: amdgpu 0000:04:00.0: amdgpu: detected ip block number 8 <vcn_v3_0_0> (vcn_v3_0)
Apr 18 18:59:13 fedora kernel: amdgpu 0000:04:00.0: amdgpu: detected ip block number 9 <jpeg_v3_0_0> (jpeg_v3_0)
Apr 18 18:59:13 fedora kernel: amdgpu 0000:04:00.0: amdgpu: Fetched VBIOS from VFCT
Apr 18 18:59:13 fedora kernel: amdgpu: ATOM BIOS: 102-MENDOCINO-006
Apr 18 18:59:13 fedora kernel: amdgpu 0000:04:00.0: vgaarb: deactivate vga console
Apr 18 18:59:13 fedora kernel: amdgpu 0000:04:00.0: amdgpu: Trusted Memory Zone (TMZ) feature enabled
Apr 18 18:59:13 fedora kernel: amdgpu 0000:04:00.0: amdgpu: vm size is 262144 GB, 4 levels, block size is 9-bit, fragment size is 9-bit
Apr 18 18:59:13 fedora kernel: amdgpu 0000:04:00.0: amdgpu: VRAM: 2048M 0x000000F400000000 - 0x000000F47FFFFFFF (2048M used)
Apr 18 18:59:13 fedora kernel: amdgpu 0000:04:00.0: amdgpu: GART: 1024M 0x0000000000000000 - 0x000000003FFFFFFF
Apr 18 18:59:13 fedora kernel: [drm] Detected VRAM RAM=2048M, BAR=2048M
Apr 18 18:59:13 fedora kernel: [drm] RAM width 64bits LPDDR5
Apr 18 18:59:13 fedora kernel: amdgpu 0000:04:00.0: amdgpu: amdgpu: 2048M of VRAM memory ready
Apr 18 18:59:13 fedora kernel: amdgpu 0000:04:00.0: amdgpu: amdgpu: 2865M of GTT memory ready.
Apr 18 18:59:13 fedora kernel: [drm] GART: num cpu pages 262144, num gpu pages 262144
Apr 18 18:59:13 fedora kernel: [drm] PCIE GART of 1024M enabled (table at 0x000000F47FC00000).
Apr 18 18:59:13 fedora kernel: amdgpu 0000:04:00.0: amdgpu: [drm] Loading DMUB firmware via PSP: version=0x06001300
Apr 18 18:59:13 fedora kernel: [drm] use_doorbell being set to: [true]
Apr 18 18:59:13 fedora kernel: amdgpu 0000:04:00.0: amdgpu: [VCN instance 0] Found VCN firmware Version ENC: 1.33 DEC: 4 VEP: 0 Revision: 14
Apr 18 18:59:13 fedora kernel: amdgpu 0000:04:00.0: amdgpu: reserve 0xa00000 from 0xf47e000000 for PSP TMR
Apr 18 18:59:13 fedora kernel: amdgpu 0000:04:00.0: amdgpu: RAS: optional ras ta ucode is not available
Apr 18 18:59:13 fedora kernel: amdgpu 0000:04:00.0: amdgpu: RAP: optional rap ta ucode is not available
Apr 18 18:59:13 fedora kernel: amdgpu 0000:04:00.0: amdgpu: SECUREDISPLAY: optional securedisplay ta ucode is not available
Apr 18 18:59:13 fedora kernel: amdgpu 0000:04:00.0: amdgpu: SMU is initialized successfully!
Apr 18 18:59:13 fedora kernel: amdgpu 0000:04:00.0: amdgpu: [drm] Display Core v3.2.359 initialized on DCN 3.1.6
Apr 18 18:59:13 fedora kernel: amdgpu 0000:04:00.0: amdgpu: [drm] DP-HDMI FRL PCON supported
Apr 18 18:59:13 fedora kernel: amdgpu 0000:04:00.0: amdgpu: [drm] DMUB hardware initialized: version=0x06001300
Apr 18 18:59:13 fedora kernel: amdgpu 0000:04:00.0: amdgpu: [drm] Using ACPI provided EDID for eDP-1
Apr 18 18:59:13 fedora kernel: amdgpu 0000:04:00.0: amdgpu: [drm] eDP-1: PSR support 0, DC PSR ver -1, sink PSR ver 0 DPCD caps 0x0 su_y_granularity 0
Apr 18 18:59:13 fedora kernel: amdgpu 0000:04:00.0: amdgpu: [drm] HDMI-A-1: PSR support 0, DC PSR ver -1, sink PSR ver 0 DPCD caps 0x0 su_y_granularity 0
Apr 18 18:59:13 fedora kernel: amdgpu 0000:04:00.0: amdgpu: [drm] DP-1: PSR support 0, DC PSR ver -1, sink PSR ver 0 DPCD caps 0x0 su_y_granularity 0
